Microchip Technology Inc, v2.00 (B)

Tool Name:
  /opt/microchip/xc16/v2.00/bin/bin/../bin/elf-ld

Command:
  -p33CK64MC105 \
  --mdfp=/opt/microchip/mplabx/v5.50/packs/Microchip/dsPIC33CK-MC_DFP/1.3.56/xc16 \
  -o \
  dist/default/production/F4IHX_Tracker.X.production.elf \
  -L/opt/microchip/xc16/v2.00/bin/bin/.. \
  -L/opt/microchip/mplabx/v5.50/packs/Microchip/dsPIC33CK-MC_DFP/1.3.56/xc16/bin/../support/dsPIC33C/gld \
  -L/opt/microchip/xc16/v2.00/bin/bin/../../lib \
  -L/opt/microchip/xc16/v2.00/bin/bin/../../support/PIC24E/gld \
  -L/opt/microchip/xc16/v2.00/bin/bin/../../support/PIC24F/gld \
  -L/opt/microchip/xc16/v2.00/bin/bin/../../support/PIC24H/gld \
  -L/opt/microchip/xc16/v2.00/bin/bin/../../support/dsPIC30F/gld \
  -L/opt/microchip/xc16/v2.00/bin/bin/../../support/dsPIC33C/gld \
  -L/opt/microchip/xc16/v2.00/bin/bin/../../support/dsPIC33E/gld \
  -L/opt/microchip/xc16/v2.00/bin/bin/../../support/dsPIC33F/gld \
  build/default/production/AX5043_NBM/src/AX5043/ax5043_fifo.o \
  build/default/production/AX5043_NBM/src/AX5043/ax5043_gpio.o \
  build/default/production/AX5043_NBM/src/AX5043/ax5043_txparam.o \
  build/default/production/AX5043_NBM/src/AX5043/ax5043_rxtracking.o \
  build/default/production/AX5043_NBM/src/AX5043/ax5043_packet.o \
  build/default/production/AX5043_NBM/src/AX5043/ax5043_timer.o \
  build/default/production/AX5043_NBM/src/AX5043/ax5043_general.o \
  build/default/production/AX5043_NBM/src/AX5043/ax5043_irq.o \
  build/default/production/AX5043_NBM/src/AX5043/ax5043_experimental.o \
  build/default/production/AX5043_NBM/src/AX5043/ax5043_interface.o \
  build/default/production/AX5043_NBM/src/AX5043/ax5043_synth.o \
  build/default/production/AX5043_NBM/src/AX5043/ax5043_baseband.o \
  build/default/production/AX5043_NBM/src/AX5043/ax5043_rxparam.o \
  build/default/production/AX5043_NBM/src/AX5043/ax5043_pwr.o \
  build/default/production/AX5043_NBM/src/AX5043/ax5043_pllparam.o \
  build/default/production/AX5043_NBM/src/AX5043/ax5043_lposc.o \
  build/default/production/AX5043_NBM/src/radioConfigs.o \
  build/default/production/AX5043_NBM/src/radioCommands.o \
  build/default/production/main.o \
  build/default/production/hw.o \
  --local-stack \
  --defsym=__MPLAB_BUILD=1 \
  -Tp33CK64MC105.gld.00 \
  --stack=16 \
  --check-sections \
  --data-init \
  --pack-data \
  --handles \
  --isr \
  --no-gc-sections \
  --fill-upper=0 \
  --stackguard=16 \
  --no-force-link \
  --smart-io \
  -Map=dist/default/production/F4IHX_Tracker.X.production.map \
  --report-mem \
  --memorysummary \
  dist/default/production/memoryfile.xml \
  -start-group \
  --library=c99-pic30-elf \
  --library=m-elf \
  --library=c99-elf \
  -end-group \


Optional library libp33CK64MC105.a not found
Archive member included because of file (symbol)

/opt/microchip/xc16/v2.00/bin/bin/../../lib/libc99-pic30-elf.a(crt0_extendedch.o)
                              (__resetPRI)
/opt/microchip/xc16/v2.00/bin/bin/../../lib/libc99-pic30-elf.a(data_init_extendedch.o)
                              /opt/microchip/xc16/v2.00/bin/bin/../../lib/libc99-pic30-elf.a(crt0_extendedch.o) (__data_init_extended)
/opt/microchip/xc16/v2.00/bin/bin/../../lib/libc99-pic30-elf.a(crt_start_mode_normalch.Meo)
                              (__crt_start_mode_normal)
/opt/microchip/xc16/v2.00/bin/bin/../../lib/libc99-pic30-elf.a(fixunssfsi.CH_o)
                              build/default/production/AX5043_NBM/src/radioCommands.o (___fixunssfsi)
/opt/microchip/xc16/v2.00/bin/bin/../../lib/libc99-pic30-elf.a(floatsisf.CH_o)
                              build/default/production/AX5043_NBM/src/radioCommands.o (___floatsisf)
/opt/microchip/xc16/v2.00/bin/bin/../../lib/libc99-pic30-elf.a(floatunsisf.CH_o)
                              build/default/production/AX5043_NBM/src/radioCommands.o (___floatunsisf)
/opt/microchip/xc16/v2.00/bin/bin/../../lib/libc99-pic30-elf.a(funpack.CH_o)
                              /opt/microchip/xc16/v2.00/bin/bin/../../lib/libc99-pic30-elf.a(fixunssfsi.CH_o) (__funpack)
/opt/microchip/xc16/v2.00/bin/bin/../../lib/libc99-pic30-elf.a(udivsi3.CH_o)
                              build/default/production/AX5043_NBM/src/radioCommands.o (___udivsi3)
/opt/microchip/xc16/v2.00/bin/bin/../../lib/libc99-pic30-elf.a(addsf3x.CH_o)
                              build/default/production/AX5043_NBM/src/radioCommands.o (___subsf3)
/opt/microchip/xc16/v2.00/bin/bin/../../lib/libc99-pic30-elf.a(divsf3x.CH_o)
                              build/default/production/AX5043_NBM/src/radioCommands.o (___divsf3)
/opt/microchip/xc16/v2.00/bin/bin/../../lib/libc99-pic30-elf.a(mulsf3x.CH_o)
                              build/default/production/AX5043_NBM/src/radioCommands.o (___mulsf3)
/opt/microchip/xc16/v2.00/bin/bin/../../lib/libc99-pic30-elf.a(dnrmpackfx.CH_o)
                              /opt/microchip/xc16/v2.00/bin/bin/../../lib/libc99-pic30-elf.a(addsf3x.CH_o) (__dnrmpackf)
[...]
Memory Configuration

Name             Origin             Length             Attributes
data             0x001000           0x002000           a !xr
reset            0x000000           0x000004  
ivt              0x000004           0x0001fc  
program          0x000200           0x00ad00           xr
FSEC             0x00af00           0x000002  
FBSLIM           0x00af10           0x000002  
FOSCSEL          0x00af18           0x000002  
FOSC             0x00af1c           0x000002  
FWDT             0x00af20           0x000002  
FPOR             0x00af24           0x000002  
FICD             0x00af28           0x000002  
FDMTIVTL         0x00af2c           0x000002  
FDMTIVTH         0x00af30           0x000002  
FDMTCNTL         0x00af34           0x000002  
FDMTCNTH         0x00af38           0x000002  
FDMT             0x00af3c           0x000002  
FDEVOPT          0x00af40           0x000002  
FALTREG          0x00af44           0x000002  
*default*        0x000000           0xffffffffffffffff  

Linker script and memory map

LOAD build/default/production/AX5043_NBM/src/AX5043/ax5043_fifo.o
LOAD build/default/production/AX5043_NBM/src/AX5043/ax5043_gpio.o
LOAD build/default/production/AX5043_NBM/src/AX5043/ax5043_txparam.o
LOAD build/default/production/AX5043_NBM/src/AX5043/ax5043_rxtracking.o
LOAD build/default/production/AX5043_NBM/src/AX5043/ax5043_packet.o
LOAD build/default/production/AX5043_NBM/src/AX5043/ax5043_timer.o
LOAD build/default/production/AX5043_NBM/src/AX5043/ax5043_general.o
LOAD build/default/production/AX5043_NBM/src/AX5043/ax5043_irq.o
LOAD build/default/production/AX5043_NBM/src/AX5043/ax5043_experimental.o
LOAD build/default/production/AX5043_NBM/src/AX5043/ax5043_interface.o
LOAD build/default/production/AX5043_NBM/src/AX5043/ax5043_synth.o
LOAD build/default/production/AX5043_NBM/src/AX5043/ax5043_baseband.o
LOAD build/default/production/AX5043_NBM/src/AX5043/ax5043_rxparam.o
LOAD build/default/production/AX5043_NBM/src/AX5043/ax5043_pwr.o
LOAD build/default/production/AX5043_NBM/src/AX5043/ax5043_pllparam.o
LOAD build/default/production/AX5043_NBM/src/AX5043/ax5043_lposc.o
LOAD build/default/production/AX5043_NBM/src/radioConfigs.o
LOAD build/default/production/AX5043_NBM/src/radioCommands.o
LOAD build/default/production/main.o
LOAD build/default/production/hw.o
                    0x0001                  __MPLAB_BUILD = 0x1
LOAD p33CK64MC105
LOAD /opt/microchip/xc16/v2.00/bin/bin/../../lib/libfx-elf.a
                    0x801028                  _iwri1 = 0x801028
                    0x80102c                  _iwri2 = 0x80102c
                    0xaf00                  __FSEC = 0xaf00
                    0xaf10                  __FBSLIM = 0xaf10
                    0xaf18                  __FOSCSEL = 0xaf18
                    0xaf1c                  __FOSC = 0xaf1c
                    0xaf20                  __FWDT = 0xaf20
                    0xaf24                  __FPOR = 0xaf24
                    0xaf28                  __FICD = 0xaf28
                    0xaf2c                  __FDMTIVTL = 0xaf2c
                    0xaf30                  __FDMTIVTH = 0xaf30
                    0xaf34                  __FDMTCNTL = 0xaf34
                    0xaf38                  __FDMTCNTH = 0xaf38
                    0xaf3c                  __FDMT = 0xaf3c
                    0xaf40                  __FDEVOPT = 0xaf40
                    0xaf44                  __FALTREG = 0xaf44
                    0x0001                  __NO_HANDLES = 0x1
                    0x0200                  __CODE_BASE = 0x200
                    0xad00                  __CODE_LENGTH = 0xad00
                    0x0004                  __IVT_BASE = 0x4
                    0x1000                  __DATA_BASE = 0x1000
                    0x2000                  __DATA_LENGTH = 0x2000
                    0x2000                  __YDATA_BASE = 0x2000

.reset            0x000000          0x4
                  0x000000          0x2 SHORT 0x200 ABSOLUTE (__reset)
                  0x000001          0x2 SHORT 0x4
                  0x000002          0x2 SHORT 0x0 ((ABSOLUTE (__reset) >> 0x10) & 0x7f)
                  0x000003          0x2 SHORT 0x0

.text             0x000200        0xc5a
 *(.init)
 .init            0x000200         0x48 /opt/microchip/xc16/v2.00/bin/bin/../../lib/libc99-pic30-elf.a(crt0_extendedch.o)
                  0x000200                  __reset
                  0x000200                  __resetPRI
                  0x00023c                  __psv_init
 .init            0x000248         0xb2 /opt/microchip/xc16/v2.00/bin/bin/../../lib/libc99-pic30-elf.a(data_init_extendedch.o)
                  0x000248                  __data_init_extended
                  0x000248                  __data_init
 *(.user_init)
 *(.handle)
 *(.isr*)
 .isr.text        0x000302         0x1a build/default/production/main.o
                  0x000302                  __CNCInterrupt
 .isr             0x00031c          0x4 default_isr
                  0x00031c                  __DefaultInterrupt
 *(.libc)
 *(.libm)
 *(.libdsp)
 *(.lib*)
 .libpic30_crt_start_mode
                  0x000320          0x2 /opt/microchip/xc16/v2.00/bin/bin/../../lib/libc99-pic30-elf.a(crt_start_mode_normalch.Meo)
                  0x000320                  __crt_start_mode_normal
                  0x000320                  __crt_start_mode
 .libm.fixunssfsi
                  0x000322         0x36 /opt/microchip/xc16/v2.00/bin/bin/../../lib/libc99-pic30-elf.a(fixunssfsi.CH_o)
                  0x000322                  ___fixunssfsi
 .libm.floatsisf
                  0x000358          0x6 /opt/microchip/xc16/v2.00/bin/bin/../../lib/libc99-pic30-elf.a(floatsisf.CH_o)
                  0x000358                  ___floatsisf
 .libm.floatunsisf
                  0x00035e          0x4 /opt/microchip/xc16/v2.00/bin/bin/../../lib/libc99-pic30-elf.a(floatunsisf.CH_o)
                  0x00035e                  ___floatunsisf
 .libm.funpack    0x000362         0x2a /opt/microchip/xc16/v2.00/bin/bin/../../lib/libc99-pic30-elf.a(funpack.CH_o)
                  0x000362                  __funpack
 .libm.udivsi3    0x00038c         0x20 /opt/microchip/xc16/v2.00/bin/bin/../../lib/libc99-pic30-elf.a(udivsi3.CH_o)
                  0x00038c                  ___udivsi3
 .libmx           0x0003ac        0x1dc /opt/microchip/xc16/v2.00/bin/bin/../../lib/libc99-pic30-elf.a(addsf3x.CH_o)
                  0x0003ac                  ___subsf3
                  0x0003ac                  ___subsf3x
                  0x0003be                  ___addsf3
                  0x0003be                  ___addsf3x
 .libmx           0x000588        0x1be /opt/microchip/xc16/v2.00/bin/bin/../../lib/libc99-pic30-elf.a(divsf3x.CH_o)
                  0x000588                  ___divsf3x
                  0x000588                  ___divsf3
                  0x00071a                  __sdivf
 .libmx           0x000746        0x10c /opt/microchip/xc16/v2.00/bin/bin/../../lib/libc99-pic30-elf.a(mulsf3x.CH_o)
                  0x000746                  ___mulsf3
                  0x000746                  ___mulsf3x
 .libmx           0x000852         0x54 /opt/microchip/xc16/v2.00/bin/bin/../../lib/libc99-pic30-elf.a(dnrmpackfx.CH_o)
                  0x000852                  __dnrmpackf
 .libmx           0x0008a6         0x5e /opt/microchip/xc16/v2.00/bin/bin/../../lib/libc99-pic30-elf.a(unpackdnrmfx.CH_o)
                  0x0008a6                  __unpackdnrmf
 .libmx           0x000904         0x34 /opt/microchip/xc16/v2.00/bin/bin/../../lib/libc99-pic30-elf.a(typefx.CH_o)
                  0x000904                  __typef
 .libmx           0x000938         0x12 /opt/microchip/xc16/v2.00/bin/bin/../../lib/libc99-pic30-elf.a(propnanfx.CH_o)
                  0x000938                  __propnanf
 .libmx           0x00094a         0xa6 /opt/microchip/xc16/v2.00/bin/bin/../../lib/libc99-pic30-elf.a(spackfx.CH_o)
                  0x00094a                  __spackf
 .libmx           0x0009f0         0x66 /opt/microchip/xc16/v2.00/bin/bin/../../lib/libc99-pic30-elf.a(unpackfx.CH_o)
                  0x0009f0                  __unpackf
 .libm.floatdisf
                  0x000a56         0x20 /opt/microchip/xc16/v2.00/bin/bin/../../lib/libc99-pic30-elf.a(floatdisf.CH_o)
                  0x000a56                  ___floatdisf
 .libm.floatundisf
                  0x000a76         0x5e /opt/microchip/xc16/v2.00/bin/bin/../../lib/libc99-pic30-elf.a(floatundisf.CH_o)
                  0x000a76                  ___floatundisf
 .libm.fpack      0x000ad4         0x4c /opt/microchip/xc16/v2.00/bin/bin/../../lib/libc99-pic30-elf.a(fpack.CH_o)
                  0x000ad4                  __fpack
 .libc.floorf     0x000b20         0x7c /opt/microchip/xc16/v2.00/bin/bin/../../lib/libm-elf.a(floorf.CH_o)
                  0x000b20                  _floorf
 .libc.log2f      0x000b9c        0x17c /opt/microchip/xc16/v2.00/bin/bin/../../lib/libm-elf.a(log2f.CH_o)
                  0x000b9c                  _log2f
 .libc.rintf      0x000d18         0x52 /opt/microchip/xc16/v2.00/bin/bin/../../lib/libm-elf.a(rintf.CH_o)
                  0x000d18                  _rintf
 .libc.roundf     0x000d6a         0xa2 /opt/microchip/xc16/v2.00/bin/bin/../../lib/libm-elf.a(roundf.CH_o)
                  0x000d6a                  _roundf
 .libm.eqsf2      0x000e0c          0x4 /opt/microchip/xc16/v2.00/bin/bin/../../lib/libc99-pic30-elf.a(feqltle.CH_o)
                  0x000e0c                  ___lesf2
                  0x000e0c                  ___eqsf2
                  0x000e0c                  ___ltsf2
 .libm.gtsf2      0x000e10          0x4 /opt/microchip/xc16/v2.00/bin/bin/../../lib/libc99-pic30-elf.a(fgtge.CH_o)
                  0x000e10                  ___gtsf2
                  0x000e10                  ___gesf2
 .libm.fcompare
                  0x000e14         0x36 /opt/microchip/xc16/v2.00/bin/bin/../../lib/libc99-pic30-elf.a(fcompare.CH_o)
                  0x000e14                  __fcompare
 .libm.funpack2
                  0x000e4a         0x10 /opt/microchip/xc16/v2.00/bin/bin/../../lib/libc99-pic30-elf.a(funpack2.CH_o)
                  0x000e4a                  __funpack2

usercode
 *(usercode)

__FSEC            0x00af00          0x2
 *(__FSEC.sec*)
 __FSEC.sec       0x00af00          0x2 /CW/_FSEC
                  0x00af00                  __FSEC.sec

__FBSLIM
 *(__FBSLIM.sec*)

__FOSCSEL
 *(__FOSCSEL.sec*)

__FOSC
 *(__FOSC.sec*)

__FWDT
 *(__FWDT.sec*)

__FPOR
 *(__FPOR.sec*)

__FICD
 *(__FICD.sec*)

__FDMTIVTL
 *(__FDMTIVTL.sec*)

__FDMTIVTH
 *(__FDMTIVTH.sec*)

__FDMTCNTL
 *(__FDMTCNTL.sec*)

__FDMTCNTH
 *(__FDMTCNTH.sec*)

__FDMT
 *(__FDMT.sec*)

__FDEVOPT
 *(__FDEVOPT.sec*)

__FALTREG
 *(__FALTREG.sec*)

.comment
 *(.comment)

.debug_info       0x000000      0x18ee6
 *(.debug_info)
 .debug_info      0x000000        0x569 build/default/production/AX5043_NBM/src/AX5043/ax5043_fifo.o
 .debug_info      0x000569       0x123d build/default/production/AX5043_NBM/src/AX5043/ax5043_gpio.o
 .debug_info      0x0017a6       0x1491 build/default/production/AX5043_NBM/src/AX5043/ax5043_txparam.o
 .debug_info      0x002c37        0x670 build/default/production/AX5043_NBM/src/AX5043/ax5043_rxtracking.o
 .debug_info      0x0032a7       0x3899 build/default/production/AX5043_NBM/src/AX5043/ax5043_packet.o
 .debug_info      0x006b40        0x42d build/default/production/AX5043_NBM/src/AX5043/ax5043_timer.o
 .debug_info      0x006f6d        0x8d1 build/default/production/AX5043_NBM/src/AX5043/ax5043_general.o
 .debug_info      0x00783e        0xbd6 build/default/production/AX5043_NBM/src/AX5043/ax5043_irq.o
 .debug_info      0x008414        0xb86 build/default/production/AX5043_NBM/src/AX5043/ax5043_experimental.o
 .debug_info      0x008f9a        0x61a build/default/production/AX5043_NBM/src/AX5043/ax5043_interface.o
 .debug_info      0x0095b4       0x1312 build/default/production/AX5043_NBM/src/AX5043/ax5043_synth.o
 .debug_info      0x00a8c6        0x406 build/default/production/AX5043_NBM/src/AX5043/ax5043_baseband.o
 .debug_info      0x00accc       0x6989 build/default/production/AX5043_NBM/src/AX5043/ax5043_rxparam.o
 .debug_info      0x011655        0x72f build/default/production/AX5043_NBM/src/AX5043/ax5043_pwr.o
 .debug_info      0x011d84        0x6b8 build/default/production/AX5043_NBM/src/AX5043/ax5043_pllparam.o
 .debug_info      0x01243c        0xa1a build/default/production/AX5043_NBM/src/AX5043/ax5043_lposc.o
 .debug_info      0x012e56        0x850 build/default/production/AX5043_NBM/src/radioConfigs.o
 .debug_info      0x0136a6       0x21b1 build/default/production/AX5043_NBM/src/radioCommands.o
 .debug_info      0x015857        0xf2e build/default/production/main.o
 .debug_info      0x016785       0x1b29 build/default/production/hw.o
 .debug_info      0x0182ae         0x90 /opt/microchip/xc16/v2.00/bin/bin/../../lib/libc99-pic30-elf.a(fixunssfsi.CH_o)
 .debug_info      0x01833e         0x8f /opt/microchip/xc16/v2.00/bin/bin/../../lib/libc99-pic30-elf.a(floatsisf.CH_o)
 .debug_info      0x0183cd         0x91 /opt/microchip/xc16/v2.00/bin/bin/../../lib/libc99-pic30-elf.a(floatunsisf.CH_o)
 .debug_info      0x01845e         0x8d /opt/microchip/xc16/v2.00/bin/bin/../../lib/libc99-pic30-elf.a(funpack.CH_o)
 .debug_info      0x0184eb         0x8d /opt/microchip/xc16/v2.00/bin/bin/../../lib/libc99-pic30-elf.a(udivsi3.CH_o)
 .debug_info      0x018578         0x9d /opt/microchip/xc16/v2.00/bin/bin/../../lib/libc99-pic30-elf.a(addsf3x.CH_o)
 .debug_info      0x018615         0x9d /opt/microchip/xc16/v2.00/bin/bin/../../lib/libc99-pic30-elf.a(divsf3x.CH_o)
 .debug_info      0x0186b2         0x9d /opt/microchip/xc16/v2.00/bin/bin/../../lib/libc99-pic30-elf.a(mulsf3x.CH_o)
 .debug_info      0x01874f         0xa0 /opt/microchip/xc16/v2.00/bin/bin/../../lib/libc99-pic30-elf.a(dnrmpackfx.CH_o)
 .debug_info      0x0187ef         0xa2 /opt/microchip/xc16/v2.00/bin/bin/../../lib/libc99-pic30-elf.a(unpackdnrmfx.CH_o)
 .debug_info      0x018891         0x9c /opt/microchip/xc16/v2.00/bin/bin/../../lib/libc99-pic30-elf.a(typefx.CH_o)
 .debug_info      0x01892d         0x9f /opt/microchip/xc16/v2.00/bin/bin/../../lib/libc99-pic30-elf.a(propnanfx.CH_o)
 .debug_info      0x0189cc         0x9d /opt/microchip/xc16/v2.00/bin/bin/../../lib/libc99-pic30-elf.a(spackfx.CH_o)
 .debug_info      0x018a69         0x9e /opt/microchip/xc16/v2.00/bin/bin/../../lib/libc99-pic30-elf.a(unpackfx.CH_o)
 .debug_info      0x018b07         0x8f /opt/microchip/xc16/v2.00/bin/bin/../../lib/libc99-pic30-elf.a(floatdisf.CH_o)
 .debug_info      0x018b96         0x91 /opt/microchip/xc16/v2.00/bin/bin/../../lib/libc99-pic30-elf.a(floatundisf.CH_o)
 .debug_info      0x018c27         0x8b /opt/microchip/xc16/v2.00/bin/bin/../../lib/libc99-pic30-elf.a(fpack.CH_o)
 .debug_info      0x018cb2         0x8d /opt/microchip/xc16/v2.00/bin/bin/../../lib/libc99-pic30-elf.a(feqltle.CH_o)
 .debug_info      0x018d3f         0x8b /opt/microchip/xc16/v2.00/bin/bin/../../lib/libc99-pic30-elf.a(fgtge.CH_o)
 .debug_info      0x018dca         0x8e /opt/microchip/xc16/v2.00/bin/bin/../../lib/libc99-pic30-elf.a(fcompare.CH_o)
 .debug_info      0x018e58         0x8e /opt/microchip/xc16/v2.00/bin/bin/../../lib/libc99-pic30-elf.a(funpack2.CH_o)
 *(.gnu.linkonce.wi.*)

.debug_abbrev     0x000000       0x1698
 *(.debug_abbrev)
 .debug_abbrev    0x000000        0x111 build/default/production/AX5043_NBM/src/AX5043/ax5043_fifo.o
 .debug_abbrev    0x000111        0x165 build/default/production/AX5043_NBM/src/AX5043/ax5043_gpio.o
 .debug_abbrev    0x000276        0x113 build/default/production/AX5043_NBM/src/AX5043/ax5043_txparam.o
 .debug_abbrev    0x000389         0xad build/default/production/AX5043_NBM/src/AX5043/ax5043_rxtracking.o
 .debug_abbrev    0x000436        0x13a build/default/production/AX5043_NBM/src/AX5043/ax5043_packet.o
 .debug_abbrev    0x000570         0xaf build/default/production/AX5043_NBM/src/AX5043/ax5043_timer.o
 .debug_abbrev    0x00061f         0xc5 build/default/production/AX5043_NBM/src/AX5043/ax5043_general.o
 .debug_abbrev    0x0006e4         0xe3 build/default/production/AX5043_NBM/src/AX5043/ax5043_irq.o
 .debug_abbrev    0x0007c7        0x108 build/default/production/AX5043_NBM/src/AX5043/ax5043_experimental.o
 .debug_abbrev    0x0008cf        0x132 build/default/production/AX5043_NBM/src/AX5043/ax5043_interface.o
 .debug_abbrev    0x000a01        0x113 build/default/production/AX5043_NBM/src/AX5043/ax5043_synth.o
 .debug_abbrev    0x000b14         0xa0 build/default/production/AX5043_NBM/src/AX5043/ax5043_baseband.o
 .debug_abbrev    0x000bb4        0x106 build/default/production/AX5043_NBM/src/AX5043/ax5043_rxparam.o
 .debug_abbrev    0x000cba        0x111 build/default/production/AX5043_NBM/src/AX5043/ax5043_pwr.o
 .debug_abbrev    0x000dcb         0xb6 build/default/production/AX5043_NBM/src/AX5043/ax5043_pllparam.o
 .debug_abbrev    0x000e81        0x15e build/default/production/AX5043_NBM/src/AX5043/ax5043_lposc.o
 .debug_abbrev    0x000fdf         0x76 build/default/production/AX5043_NBM/src/radioConfigs.o
 .debug_abbrev    0x001055        0x1fd build/default/production/AX5043_NBM/src/radioCommands.o
 .debug_abbrev    0x001252        0x1b9 build/default/production/main.o
 .debug_abbrev    0x00140b         0xe9 build/default/production/hw.o
 .debug_abbrev    0x0014f4         0x14 /opt/microchip/xc16/v2.00/bin/bin/../../lib/libc99-pic30-elf.a(fixunssfsi.CH_o)
 .debug_abbrev    0x001508         0x14 /opt/microchip/xc16/v2.00/bin/bin/../../lib/libc99-pic30-elf.a(floatsisf.CH_o)
 .debug_abbrev    0x00151c         0x14 /opt/microchip/xc16/v2.00/bin/bin/../../lib/libc99-pic30-elf.a(floatunsisf.CH_o)
 .debug_abbrev    0x001530         0x14 /opt/microchip/xc16/v2.00/bin/bin/../../lib/libc99-pic30-elf.a(funpack.CH_o)
 .debug_abbrev    0x001544         0x14 /opt/microchip/xc16/v2.00/bin/bin/../../lib/libc99-pic30-elf.a(udivsi3.CH_o)
 .debug_abbrev    0x001558         0x14 /opt/microchip/xc16/v2.00/bin/bin/../../lib/libc99-pic30-elf.a(addsf3x.CH_o)
 .debug_abbrev    0x00156c         0x14 /opt/microchip/xc16/v2.00/bin/bin/../../lib/libc99-pic30-elf.a(divsf3x.CH_o)
 .debug_abbrev    0x001580         0x14 /opt/microchip/xc16/v2.00/bin/bin/../../lib/libc99-pic30-elf.a(mulsf3x.CH_o)
 .debug_abbrev    0x001594         0x14 /opt/microchip/xc16/v2.00/bin/bin/../../lib/libc99-pic30-elf.a(dnrmpackfx.CH_o)
 .debug_abbrev    0x0015a8         0x14 /opt/microchip/xc16/v2.00/bin/bin/../../lib/libc99-pic30-elf.a(unpackdnrmfx.CH_o)
 .debug_abbrev    0x0015bc         0x14 /opt/microchip/xc16/v2.00/bin/bin/../../lib/libc99-pic30-elf.a(typefx.CH_o)
 .debug_abbrev    0x0015d0         0x14 /opt/microchip/xc16/v2.00/bin/bin/../../lib/libc99-pic30-elf.a(propnanfx.CH_o)
 .debug_abbrev    0x0015e4         0x14 /opt/microchip/xc16/v2.00/bin/bin/../../lib/libc99-pic30-elf.a(spackfx.CH_o)
 .debug_abbrev    0x0015f8         0x14 /opt/microchip/xc16/v2.00/bin/bin/../../lib/libc99-pic30-elf.a(unpackfx.CH_o)
 .debug_abbrev    0x00160c         0x14 /opt/microchip/xc16/v2.00/bin/bin/../../lib/libc99-pic30-elf.a(floatdisf.CH_o)
 .debug_abbrev    0x001620         0x14 /opt/microchip/xc16/v2.00/bin/bin/../../lib/libc99-pic30-elf.a(floatundisf.CH_o)
 .debug_abbrev    0x001634         0x14 /opt/microchip/xc16/v2.00/bin/bin/../../lib/libc99-pic30-elf.a(fpack.CH_o)
 .debug_abbrev    0x001648         0x14 /opt/microchip/xc16/v2.00/bin/bin/../../lib/libc99-pic30-elf.a(feqltle.CH_o)
 .debug_abbrev    0x00165c         0x14 /opt/microchip/xc16/v2.00/bin/bin/../../lib/libc99-pic30-elf.a(fgtge.CH_o)
 .debug_abbrev    0x001670         0x14 /opt/microchip/xc16/v2.00/bin/bin/../../lib/libc99-pic30-elf.a(fcompare.CH_o)
 .debug_abbrev    0x001684         0x14 /opt/microchip/xc16/v2.00/bin/bin/../../lib/libc99-pic30-elf.a(funpack2.CH_o)

.debug_line       0x000000       0x2a53
 *(.debug_line)
 .debug_line      0x000000         0xe3 build/default/production/AX5043_NBM/src/AX5043/ax5043_fifo.o
 .debug_line      0x0000e3        0x152 build/default/production/AX5043_NBM/src/AX5043/ax5043_gpio.o
 .debug_line      0x000235        0x1b6 build/default/production/AX5043_NBM/src/AX5043/ax5043_txparam.o
 .debug_line      0x0003eb         0xf8 build/default/production/AX5043_NBM/src/AX5043/ax5043_rxtracking.o
 .debug_line      0x0004e3        0x3b8 build/default/production/AX5043_NBM/src/AX5043/ax5043_packet.o
 .debug_line      0x00089b         0xc7 build/default/production/AX5043_NBM/src/AX5043/ax5043_timer.o
 .debug_line      0x000962        0x10c build/default/production/AX5043_NBM/src/AX5043/ax5043_general.o
 .debug_line      0x000a6e        0x10e build/default/production/AX5043_NBM/src/AX5043/ax5043_irq.o
 .debug_line      0x000b7c        0x125 build/default/production/AX5043_NBM/src/AX5043/ax5043_experimental.o
 .debug_line      0x000ca1        0x11c build/default/production/AX5043_NBM/src/AX5043/ax5043_interface.o
 .debug_line      0x000dbd        0x1a6 build/default/production/AX5043_NBM/src/AX5043/ax5043_synth.o
 .debug_line      0x000f63         0xba build/default/production/AX5043_NBM/src/AX5043/ax5043_baseband.o
 .debug_line      0x00101d        0x5fa build/default/production/AX5043_NBM/src/AX5043/ax5043_rxparam.o
 .debug_line      0x001617         0xe9 build/default/production/AX5043_NBM/src/AX5043/ax5043_pwr.o
 .debug_line      0x001700         0xf6 build/default/production/AX5043_NBM/src/AX5043/ax5043_pllparam.o
 .debug_line      0x0017f6        0x13e build/default/production/AX5043_NBM/src/AX5043/ax5043_lposc.o
 .debug_line      0x001934         0x9f build/default/production/AX5043_NBM/src/radioConfigs.o
 .debug_line      0x0019d3        0x430 build/default/production/AX5043_NBM/src/radioCommands.o
 .debug_line      0x001e03        0x1d5 build/default/production/main.o
 .debug_line      0x001fd8        0x12e build/default/production/hw.o
 .debug_line      0x002106         0x53 /opt/microchip/xc16/v2.00/bin/bin/../../lib/libc99-pic30-elf.a(fixunssfsi.CH_o)
 .debug_line      0x002159         0x3a /opt/microchip/xc16/v2.00/bin/bin/../../lib/libc99-pic30-elf.a(floatsisf.CH_o)
 .debug_line      0x002193         0x3b /opt/microchip/xc16/v2.00/bin/bin/../../lib/libc99-pic30-elf.a(floatunsisf.CH_o)
 .debug_line      0x0021ce         0x4a /opt/microchip/xc16/v2.00/bin/bin/../../lib/libc99-pic30-elf.a(funpack.CH_o)
 .debug_line      0x002218         0x45 /opt/microchip/xc16/v2.00/bin/bin/../../lib/libc99-pic30-elf.a(udivsi3.CH_o)
 .debug_line      0x00225d        0x136 /opt/microchip/xc16/v2.00/bin/bin/../../lib/libc99-pic30-elf.a(addsf3x.CH_o)
 .debug_line      0x002393        0x124 /opt/microchip/xc16/v2.00/bin/bin/../../lib/libc99-pic30-elf.a(divsf3x.CH_o)
 .debug_line      0x0024b7         0xcc /opt/microchip/xc16/v2.00/bin/bin/../../lib/libc99-pic30-elf.a(mulsf3x.CH_o)
 .debug_line      0x002583         0x72 /opt/microchip/xc16/v2.00/bin/bin/../../lib/libc99-pic30-elf.a(dnrmpackfx.CH_o)
 .debug_line      0x0025f5         0x7a /opt/microchip/xc16/v2.00/bin/bin/../../lib/libc99-pic30-elf.a(unpackdnrmfx.CH_o)
 .debug_line      0x00266f         0x5e /opt/microchip/xc16/v2.00/bin/bin/../../lib/libc99-pic30-elf.a(typefx.CH_o)
 .debug_line      0x0026cd         0x51 /opt/microchip/xc16/v2.00/bin/bin/../../lib/libc99-pic30-elf.a(propnanfx.CH_o)
 .debug_line      0x00271e         0x98 /opt/microchip/xc16/v2.00/bin/bin/../../lib/libc99-pic30-elf.a(spackfx.CH_o)
 .debug_line      0x0027b6         0x79 /opt/microchip/xc16/v2.00/bin/bin/../../lib/libc99-pic30-elf.a(unpackfx.CH_o)
 .debug_line      0x00282f         0x1a /opt/microchip/xc16/v2.00/bin/bin/../../lib/libc99-pic30-elf.a(errno.CH_o)
 .debug_line      0x002849         0x47 /opt/microchip/xc16/v2.00/bin/bin/../../lib/libc99-pic30-elf.a(floatdisf.CH_o)
 .debug_line      0x002890         0x6c /opt/microchip/xc16/v2.00/bin/bin/../../lib/libc99-pic30-elf.a(floatundisf.CH_o)
 .debug_line      0x0028fc         0x5a /opt/microchip/xc16/v2.00/bin/bin/../../lib/libc99-pic30-elf.a(fpack.CH_o)
 .debug_line      0x002956         0x37 /opt/microchip/xc16/v2.00/bin/bin/../../lib/libc99-pic30-elf.a(feqltle.CH_o)
 .debug_line      0x00298d         0x35 /opt/microchip/xc16/v2.00/bin/bin/../../lib/libc99-pic30-elf.a(fgtge.CH_o)
 .debug_line      0x0029c2         0x53 /opt/microchip/xc16/v2.00/bin/bin/../../lib/libc99-pic30-elf.a(fcompare.CH_o)
 .debug_line      0x002a15         0x3e /opt/microchip/xc16/v2.00/bin/bin/../../lib/libc99-pic30-elf.a(funpack2.CH_o)

.debug_frame      0x000000       0x48ec
 *(.debug_frame)
 .debug_frame     0x000000         0xd2 build/default/production/AX5043_NBM/src/AX5043/ax5043_fifo.o
 .debug_frame     0x0000d2        0x2f4 build/default/production/AX5043_NBM/src/AX5043/ax5043_gpio.o
 .debug_frame     0x0003c6        0x458 build/default/production/AX5043_NBM/src/AX5043/ax5043_txparam.o
 .debug_frame     0x00081e        0x188 build/default/production/AX5043_NBM/src/AX5043/ax5043_rxtracking.o
 .debug_frame     0x0009a6        0xe66 build/default/production/AX5043_NBM/src/AX5043/ax5043_packet.o
 .debug_frame     0x00180c         0xe4 build/default/production/AX5043_NBM/src/AX5043/ax5043_timer.o
 .debug_frame     0x0018f0        0x1e8 build/default/production/AX5043_NBM/src/AX5043/ax5043_general.o
 .debug_frame     0x001ad8        0x140 build/default/production/AX5043_NBM/src/AX5043/ax5043_irq.o
 .debug_frame     0x001c18        0x20a build/default/production/AX5043_NBM/src/AX5043/ax5043_experimental.o
 .debug_frame     0x001e22         0xb6 build/default/production/AX5043_NBM/src/AX5043/ax5043_interface.o
 .debug_frame     0x001ed8        0x4c0 build/default/production/AX5043_NBM/src/AX5043/ax5043_synth.o
 .debug_frame     0x002398         0xe4 build/default/production/AX5043_NBM/src/AX5043/ax5043_baseband.o
 .debug_frame     0x00247c       0x1b6e build/default/production/AX5043_NBM/src/AX5043/ax5043_rxparam.o
 .debug_frame     0x003fea        0x14a build/default/production/AX5043_NBM/src/AX5043/ax5043_pwr.o
 .debug_frame     0x004134        0x14c build/default/production/AX5043_NBM/src/AX5043/ax5043_pllparam.o
 .debug_frame     0x004280        0x28c build/default/production/AX5043_NBM/src/AX5043/ax5043_lposc.o
 .debug_frame     0x00450c        0x2b6 build/default/production/AX5043_NBM/src/radioCommands.o
 .debug_frame     0x0047c2         0xae build/default/production/main.o
 .debug_frame     0x004870         0x7c build/default/production/hw.o

.debug_str        0x000000        0x54c
 *(.debug_str)
 .debug_str       0x000000         0x13 build/default/production/AX5043_NBM/src/AX5043/ax5043_fifo.o
 .debug_str       0x000013         0x30 build/default/production/AX5043_NBM/src/AX5043/ax5043_gpio.o
 .debug_str       0x000043         0x37 build/default/production/AX5043_NBM/src/AX5043/ax5043_txparam.o
 .debug_str       0x00007a         0x1d build/default/production/AX5043_NBM/src/AX5043/ax5043_rxtracking.o
 .debug_str       0x000097         0x7c build/default/production/AX5043_NBM/src/AX5043/ax5043_packet.o
 .debug_str       0x000113         0x1e build/default/production/AX5043_NBM/src/AX5043/ax5043_timer.o
 .debug_str       0x000131         0x13 build/default/production/AX5043_NBM/src/AX5043/ax5043_general.o
 .debug_str       0x000144         0x4d build/default/production/AX5043_NBM/src/AX5043/ax5043_irq.o
 .debug_str       0x000191         0x26 build/default/production/AX5043_NBM/src/AX5043/ax5043_experimental.o
 .debug_str       0x0001b7         0x33 build/default/production/AX5043_NBM/src/AX5043/ax5043_interface.o
 .debug_str       0x0001ea         0x6a build/default/production/AX5043_NBM/src/AX5043/ax5043_synth.o
 .debug_str       0x000254         0x13 build/default/production/AX5043_NBM/src/AX5043/ax5043_baseband.o
 .debug_str       0x000267         0xdd build/default/production/AX5043_NBM/src/AX5043/ax5043_rxparam.o
 .debug_str       0x000344         0x13 build/default/production/AX5043_NBM/src/AX5043/ax5043_pwr.o
 .debug_str       0x000357         0x13 build/default/production/AX5043_NBM/src/AX5043/ax5043_pllparam.o
 .debug_str       0x00036a         0x26 build/default/production/AX5043_NBM/src/AX5043/ax5043_lposc.o
 .debug_str       0x000390         0x86 build/default/production/AX5043_NBM/src/radioCommands.o
 .debug_str       0x000416         0x39 build/default/production/main.o
 .debug_str       0x00044f         0xfd build/default/production/hw.o

.debug_loc
 *(.debug_loc)

.debug_macinfo
 *(.debug_macinfo)

.debug_pubnames
                  0x000000       0x6635
 *(.debug_pubnames)
 .debug_pubnames
                  0x000000         0xcd build/default/production/AX5043_NBM/src/AX5043/ax5043_fifo.o
 .debug_pubnames
                  0x0000cd        0x372 build/default/production/AX5043_NBM/src/AX5043/ax5043_gpio.o
 .debug_pubnames
                  0x00043f        0x658 build/default/production/AX5043_NBM/src/AX5043/ax5043_txparam.o
 .debug_pubnames
                  0x000a97        0x1e4 build/default/production/AX5043_NBM/src/AX5043/ax5043_rxtracking.o
 .debug_pubnames
                  0x000c7b       0x1435 build/default/production/AX5043_NBM/src/AX5043/ax5043_packet.o
 .debug_pubnames
                  0x0020b0        0x11a build/default/production/AX5043_NBM/src/AX5043/ax5043_timer.o
 .debug_pubnames
                  0x0021ca        0x259 build/default/production/AX5043_NBM/src/AX5043/ax5043_general.o
 .debug_pubnames
                  0x002423        0x130 build/default/production/AX5043_NBM/src/AX5043/ax5043_irq.o
 .debug_pubnames
                  0x002553        0x360 build/default/production/AX5043_NBM/src/AX5043/ax5043_experimental.o
 .debug_pubnames
                  0x0028b3         0xac build/default/production/AX5043_NBM/src/AX5043/ax5043_interface.o
 .debug_pubnames
                  0x00295f        0x68a build/default/production/AX5043_NBM/src/AX5043/ax5043_synth.o
 .debug_pubnames
                  0x002fe9        0x132 build/default/production/AX5043_NBM/src/AX5043/ax5043_baseband.o
 .debug_pubnames
                  0x00311b       0x2b22 build/default/production/AX5043_NBM/src/AX5043/ax5043_rxparam.o
 .debug_pubnames
                  0x005c3d        0x127 build/default/production/AX5043_NBM/src/AX5043/ax5043_pwr.o
 .debug_pubnames
                  0x005d64        0x1ca build/default/production/AX5043_NBM/src/AX5043/ax5043_pllparam.o
 .debug_pubnames
                  0x005f2e        0x329 build/default/production/AX5043_NBM/src/AX5043/ax5043_lposc.o
 .debug_pubnames
                  0x006257         0xb8 build/default/production/AX5043_NBM/src/radioConfigs.o
 .debug_pubnames
                  0x00630f        0x26b build/default/production/AX5043_NBM/src/radioCommands.o
 .debug_pubnames
                  0x00657a         0x6f build/default/production/main.o
 .debug_pubnames
                  0x0065e9         0x4c build/default/production/hw.o

.debug_ranges
 *(.debug_ranges)

.debug_aranges    0x000000        0x3c0
 *(.debug_aranges)
 .debug_aranges
                  0x000000         0x18 build/default/production/AX5043_NBM/src/AX5043/ax5043_fifo.o
 .debug_aranges
                  0x000018         0x18 build/default/production/AX5043_NBM/src/AX5043/ax5043_gpio.o
 .debug_aranges
                  0x000030         0x18 build/default/production/AX5043_NBM/src/AX5043/ax5043_txparam.o
 .debug_aranges
                  0x000048         0x18 build/default/production/AX5043_NBM/src/AX5043/ax5043_rxtracking.o
 .debug_aranges
                  0x000060         0x18 build/default/production/AX5043_NBM/src/AX5043/ax5043_packet.o
 .debug_aranges
                  0x000078         0x18 build/default/production/AX5043_NBM/src/AX5043/ax5043_timer.o
 .debug_aranges
                  0x000090         0x18 build/default/production/AX5043_NBM/src/AX5043/ax5043_general.o
 .debug_aranges
                  0x0000a8         0x18 build/default/production/AX5043_NBM/src/AX5043/ax5043_irq.o
 .debug_aranges
                  0x0000c0         0x18 build/default/production/AX5043_NBM/src/AX5043/ax5043_experimental.o
 .debug_aranges
                  0x0000d8         0x18 build/default/production/AX5043_NBM/src/AX5043/ax5043_interface.o
 .debug_aranges
                  0x0000f0         0x18 build/default/production/AX5043_NBM/src/AX5043/ax5043_synth.o
 .debug_aranges
                  0x000108         0x18 build/default/production/AX5043_NBM/src/AX5043/ax5043_baseband.o
 .debug_aranges
                  0x000120         0x18 build/default/production/AX5043_NBM/src/AX5043/ax5043_rxparam.o
 .debug_aranges
                  0x000138         0x18 build/default/production/AX5043_NBM/src/AX5043/ax5043_pwr.o
 .debug_aranges
                  0x000150         0x18 build/default/production/AX5043_NBM/src/AX5043/ax5043_pllparam.o
 .debug_aranges
                  0x000168         0x18 build/default/production/AX5043_NBM/src/AX5043/ax5043_lposc.o
 .debug_aranges
                  0x000180         0x18 build/default/production/AX5043_NBM/src/radioCommands.o
 .debug_aranges
                  0x000198         0x18 build/default/production/main.o
 .debug_aranges
                  0x0001b0         0x18 build/default/production/hw.o
 .debug_aranges
                  0x0001c8         0x18 /opt/microchip/xc16/v2.00/bin/bin/../../lib/libc99-pic30-elf.a(fixunssfsi.CH_o)
 .debug_aranges
                  0x0001e0         0x18 /opt/microchip/xc16/v2.00/bin/bin/../../lib/libc99-pic30-elf.a(floatsisf.CH_o)
 .debug_aranges
                  0x0001f8         0x18 /opt/microchip/xc16/v2.00/bin/bin/../../lib/libc99-pic30-elf.a(floatunsisf.CH_o)
 .debug_aranges
                  0x000210         0x18 /opt/microchip/xc16/v2.00/bin/bin/../../lib/libc99-pic30-elf.a(funpack.CH_o)
 .debug_aranges
                  0x000228         0x18 /opt/microchip/xc16/v2.00/bin/bin/../../lib/libc99-pic30-elf.a(udivsi3.CH_o)
 .debug_aranges
                  0x000240         0x18 /opt/microchip/xc16/v2.00/bin/bin/../../lib/libc99-pic30-elf.a(addsf3x.CH_o)
 .debug_aranges
                  0x000258         0x18 /opt/microchip/xc16/v2.00/bin/bin/../../lib/libc99-pic30-elf.a(divsf3x.CH_o)
 .debug_aranges
                  0x000270         0x18 /opt/microchip/xc16/v2.00/bin/bin/../../lib/libc99-pic30-elf.a(mulsf3x.CH_o)
 .debug_aranges
                  0x000288         0x18 /opt/microchip/xc16/v2.00/bin/bin/../../lib/libc99-pic30-elf.a(dnrmpackfx.CH_o)
 .debug_aranges
                  0x0002a0         0x18 /opt/microchip/xc16/v2.00/bin/bin/../../lib/libc99-pic30-elf.a(unpackdnrmfx.CH_o)
 .debug_aranges
                  0x0002b8         0x18 /opt/microchip/xc16/v2.00/bin/bin/../../lib/libc99-pic30-elf.a(typefx.CH_o)
 .debug_aranges
                  0x0002d0         0x18 /opt/microchip/xc16/v2.00/bin/bin/../../lib/libc99-pic30-elf.a(propnanfx.CH_o)
 .debug_aranges
                  0x0002e8         0x18 /opt/microchip/xc16/v2.00/bin/bin/../../lib/libc99-pic30-elf.a(spackfx.CH_o)
 .debug_aranges
                  0x000300         0x18 /opt/microchip/xc16/v2.00/bin/bin/../../lib/libc99-pic30-elf.a(unpackfx.CH_o)
 .debug_aranges
                  0x000318         0x18 /opt/microchip/xc16/v2.00/bin/bin/../../lib/libc99-pic30-elf.a(floatdisf.CH_o)
 .debug_aranges
                  0x000330         0x18 /opt/microchip/xc16/v2.00/bin/bin/../../lib/libc99-pic30-elf.a(floatundisf.CH_o)
 .debug_aranges
                  0x000348         0x18 /opt/microchip/xc16/v2.00/bin/bin/../../lib/libc99-pic30-elf.a(fpack.CH_o)
 .debug_aranges
                  0x000360         0x18 /opt/microchip/xc16/v2.00/bin/bin/../../lib/libc99-pic30-elf.a(feqltle.CH_o)
 .debug_aranges
                  0x000378         0x18 /opt/microchip/xc16/v2.00/bin/bin/../../lib/libc99-pic30-elf.a(fgtge.CH_o)
 .debug_aranges
                  0x000390         0x18 /opt/microchip/xc16/v2.00/bin/bin/../../lib/libc99-pic30-elf.a(fcompare.CH_o)
 .debug_aranges
                  0x0003a8         0x18 /opt/microchip/xc16/v2.00/bin/bin/../../lib/libc99-pic30-elf.a(funpack2.CH_o)
                    0x0000                  WREG0 = 0x0
                    0x0000                  _WREG0 = 0x0
                    0x0002                  WREG1 = 0x2
                    0x0002                  _WREG1 = 0x2
                    0x0004                  WREG2 = 0x4
                    0x0004                  _WREG2 = 0x4
                    0x0006                  WREG3 = 0x6
                    0x0006                  _WREG3 = 0x6
                    0x0008                  WREG4 = 0x8
                    0x0008                  _WREG4 = 0x8
                    0x000a                  WREG5 = 0xa
                    0x000a                  _WREG5 = 0xa
                    0x000c                  WREG6 = 0xc
                    0x000c                  _WREG6 = 0xc
                    0x000e                  WREG7 = 0xe
                    0x000e                  _WREG7 = 0xe
                    0x0010                  WREG8 = 0x10
                    0x0010                  _WREG8 = 0x10
                    0x0012                  WREG9 = 0x12
                    0x0012                  _WREG9 = 0x12
                    0x0014                  WREG10 = 0x14
                    0x0014                  _WREG10 = 0x14
                    0x0016                  WREG11 = 0x16
                    0x0016                  _WREG11 = 0x16
                    0x0018                  WREG12 = 0x18
                    0x0018                  _WREG12 = 0x18
                    0x001a                  WREG13 = 0x1a
                    0x001a                  _WREG13 = 0x1a
                    0x001c                  WREG14 = 0x1c
                    0x001c                  _WREG14 = 0x1c
                    0x001e                  WREG15 = 0x1e
                    0x001e                  _WREG15 = 0x1e
                    0x0020                  SPLIM = 0x20
                    0x0020                  _SPLIM = 0x20
                    0x0022                  ACCAL = 0x22
                    0x0022                  _ACCAL = 0x22
                    0x0024                  ACCAH = 0x24
                    0x0024                  _ACCAH = 0x24
                    0x0026                  ACCAU = 0x26
                    0x0026                  _ACCAU = 0x26
                    0x0028                  ACCBL = 0x28
                    0x0028                  _ACCBL = 0x28
                    0x002a                  ACCBH = 0x2a
                    0x002a                  _ACCBH = 0x2a
                    0x002c                  ACCBU = 0x2c
                    0x002c                  _ACCBU = 0x2c
                    0x002e                  PCL = 0x2e
                    0x002e                  _PCL = 0x2e
                    0x0030                  PCH = 0x30
                    0x0030                  _PCH = 0x30
                    0x0032                  DSRPAG = 0x32
                    0x0032                  _DSRPAG = 0x32
                    0x0032                  _DSRPAGbits = 0x32
                    0x0034                  DSWPAG = 0x34
                    0x0034                  _DSWPAG = 0x34
                    0x0034                  _DSWPAGbits = 0x34
                    0x0036                  RCOUNT = 0x36
                    0x0036                  _RCOUNT = 0x36
                    0x0038                  DCOUNT = 0x38
                    0x0038                  _DCOUNT = 0x38
                    0x003a                  DOSTARTL = 0x3a
                    0x003a                  _DOSTARTL = 0x3a
                    0x003c                  DOSTARTH = 0x3c
                    0x003c                  _DOSTARTH = 0x3c
                    0x003e                  DOENDL = 0x3e
                    0x003e                  _DOENDL = 0x3e
                    0x0040                  DOENDH = 0x40
                    0x0040                  _DOENDH = 0x40
                    0x0042                  SR = 0x42
                    0x0042                  _SR = 0x42
                    0x0042                  _SRbits = 0x42
                    0x0044                  CORCON = 0x44
                    0x0044                  _CORCON = 0x44
                    0x0044                  _CORCONbits = 0x44
                    0x0046                  MODCON = 0x46
                    0x0046                  _MODCON = 0x46
                    0x0046                  _MODCONbits = 0x46
                    0x0048                  XMODSRT = 0x48
                    0x0048                  _XMODSRT = 0x48
                    0x004a                  XMODEND = 0x4a
                    0x004a                  _XMODEND = 0x4a
                    0x004c                  YMODSRT = 0x4c
                    0x004c                  _YMODSRT = 0x4c
                    0x004e                  YMODEND = 0x4e
                    0x004e                  _YMODEND = 0x4e
                    0x0050                  XBREV = 0x50
                    0x0050                  _XBREV = 0x50
                    0x0050                  _XBREVbits = 0x50
                    0x0052                  DISICNT = 0x52
                    0x0052                  _DISICNT = 0x52
                    0x0054                  TBLPAG = 0x54
                    0x0054                  _TBLPAG = 0x54
                    0x0054                  _TBLPAGbits = 0x54
                    0x0056                  YPAG = 0x56
                    0x0056                  _YPAG = 0x56
                    0x0056                  _YPAGbits = 0x56
                    0x0058                  MSTRPR = 0x58
                    0x0058                  _MSTRPR = 0x58
                    0x0058                  _MSTRPRbits = 0x58
                    0x005a                  CTXTSTAT = 0x5a
                    0x005a                  _CTXTSTAT = 0x5a
                    0x005a                  _CTXTSTATbits = 0x5a
                    0x005c                  DMTCON = 0x5c
                    0x005c                  _DMTCON = 0x5c
                    0x005c                  _DMTCONbits = 0x5c
                    0x0060                  DMTPRECLR = 0x60
                    0x0060                  _DMTPRECLR = 0x60
                    0x0060                  _DMTPRECLRbits = 0x60
                    0x0064                  DMTCLR = 0x64
                    0x0064                  _DMTCLR = 0x64
                    0x0064                  _DMTCLRbits = 0x64
                    0x0068                  DMTSTAT = 0x68
                    0x0068                  _DMTSTAT = 0x68
                    0x0068                  _DMTSTATbits = 0x68
                    0x006c                  DMTCNTL = 0x6c
                    0x006c                  _DMTCNTL = 0x6c
                    0x006e                  DMTCNTH = 0x6e
                    0x006e                  _DMTCNTH = 0x6e
                    0x0070                  DMTHOLDREG = 0x70
                    0x0070                  _DMTHOLDREG = 0x70
                    0x0074                  DMTPSCNTL = 0x74
                    0x0074                  _DMTPSCNTL = 0x74
                    0x0076                  DMTPSCNTH = 0x76
                    0x0076                  _DMTPSCNTH = 0x76
                    0x0078                  DMTPSINTVL = 0x78
                    0x0078                  _DMTPSINTVL = 0x78
                    0x007a                  DMTPSINTVH = 0x7a
                    0x007a                  _DMTPSINTVH = 0x7a
                    0x0080                  SENT1CON1 = 0x80
                    0x0080                  _SENT1CON1 = 0x80
                    0x0080                  _SENT1CON1bits = 0x80
                    0x0084                  SENT1CON2 = 0x84
                    0x0084                  _SENT1CON2 = 0x84
                    0x0088                  SENT1CON3 = 0x88
                    0x0088                  _SENT1CON3 = 0x88
                    0x008c                  SENT1STAT = 0x8c
                    0x008c                  _SENT1STAT = 0x8c
                    0x008c                  _SENT1STATbits = 0x8c
                    0x0090                  SENT1SYNC = 0x90
                    0x0090                  _SENT1SYNC = 0x90
                    0x0094                  SENT1DATL = 0x94
                    0x0094                  _SENT1DATL = 0x94
                    0x0094                  _SENT1DATLbits = 0x94
                    0x0096                  SENT1DATH = 0x96
                    0x0096                  _SENT1DATH = 0x96
                    0x0096                  _SENT1DATHbits = 0x96
                    0x00b0                  CRCCON1 = 0xb0
                    0x00b0                  _CRCCON1 = 0xb0
                    0x00b0                  _CRCCON1bits = 0xb0
                    0x00b0                  CRCCONL = 0xb0
                    0x00b0                  _CRCCONL = 0xb0
                    0x00b0                  _CRCCONLbits = 0xb0
                    0x00b2                  CRCCON2 = 0xb2
                    0x00b2                  _CRCCON2 = 0xb2
                    0x00b2                  _CRCCON2bits = 0xb2
                    0x00b2                  CRCCONH = 0xb2
                    0x00b2                  _CRCCONH = 0xb2
                    0x00b2                  _CRCCONHbits = 0xb2
                    0x00b4                  CRCXORL = 0xb4
                    0x00b4                  _CRCXORL = 0xb4
                    0x00b4                  _CRCXORLbits = 0xb4
                    0x00b6                  CRCXORH = 0xb6
                    0x00b6                  _CRCXORH = 0xb6
                    0x00b6                  _CRCXORHbits = 0xb6
                    0x00b8                  CRCDATL = 0xb8
                    0x00b8                  _CRCDATL = 0xb8
                    0x00ba                  CRCDATH = 0xba
                    0x00ba                  _CRCDATH = 0xba
                    0x00bc                  CRCWDATL = 0xbc
                    0x00bc                  _CRCWDATL = 0xbc
                    0x00be                  CRCWDATH = 0xbe
                    0x00be                  _CRCWDATH = 0xbe
                    0x00c0                  CLC1CONL = 0xc0
                    0x00c0                  _CLC1CONL = 0xc0
                    0x00c0                  _CLC1CONLbits = 0xc0
                    0x00c2                  CLC1CONH = 0xc2
                    0x00c2                  _CLC1CONH = 0xc2
                    0x00c2                  _CLC1CONHbits = 0xc2
                    0x00c4                  CLC1SEL = 0xc4
                    0x00c4                  _CLC1SEL = 0xc4
                    0x00c4                  _CLC1SELbits = 0xc4
                    0x00c4                  CLC1SELL = 0xc4
                    0x00c4                  _CLC1SELL = 0xc4
                    0x00c4                  _CLC1SELLbits = 0xc4
                    0x00c8                  CLC1GLSL = 0xc8
                    0x00c8                  _CLC1GLSL = 0xc8
                    0x00c8                  _CLC1GLSLbits = 0xc8
                    0x00ca                  CLC1GLSH = 0xca
                    0x00ca                  _CLC1GLSH = 0xca
                    0x00ca                  _CLC1GLSHbits = 0xca
                    0x00cc                  CLC2CONL = 0xcc
                    0x00cc                  _CLC2CONL = 0xcc
                    0x00cc                  _CLC2CONLbits = 0xcc
                    0x00ce                  CLC2CONH = 0xce
                    0x00ce                  _CLC2CONH = 0xce
                    0x00ce                  _CLC2CONHbits = 0xce
                    0x00d0                  CLC2SEL = 0xd0
                    0x00d0                  _CLC2SEL = 0xd0
                    0x00d0                  _CLC2SELbits = 0xd0
                    0x00d0                  CLC2SELL = 0xd0
                    0x00d0                  _CLC2SELL = 0xd0
                    0x00d0                  _CLC2SELLbits = 0xd0
                    0x00d4                  CLC2GLSL = 0xd4
                    0x00d4                  _CLC2GLSL = 0xd4
                    0x00d4                  _CLC2GLSLbits = 0xd4
                    0x00d6                  CLC2GLSH = 0xd6
                    0x00d6                  _CLC2GLSH = 0xd6
                    0x00d6                  _CLC2GLSHbits = 0xd6
                    0x00d8                  CLC3CONL = 0xd8
                    0x00d8                  _CLC3CONL = 0xd8
                    0x00d8                  _CLC3CONLbits = 0xd8
                    0x00da                  CLC3CONH = 0xda
                    0x00da                  _CLC3CONH = 0xda
                    0x00da                  _CLC3CONHbits = 0xda
                    0x00dc                  CLC3SEL = 0xdc
                    0x00dc                  _CLC3SEL = 0xdc
                    0x00dc                  _CLC3SELbits = 0xdc
                    0x00dc                  CLC3SELL = 0xdc
                    0x00dc                  _CLC3SELL = 0xdc
                    0x00dc                  _CLC3SELLbits = 0xdc
                    0x00e0                  CLC3GLSL = 0xe0
                    0x00e0                  _CLC3GLSL = 0xe0
                    0x00e0                  _CLC3GLSLbits = 0xe0
                    0x00e2                  CLC3GLSH = 0xe2
                    0x00e2                  _CLC3GLSH = 0xe2
                    0x00e2                  _CLC3GLSHbits = 0xe2
                    0x00e4                  CLC4CONL = 0xe4
                    0x00e4                  _CLC4CONL = 0xe4
                    0x00e4                  _CLC4CONLbits = 0xe4
                    0x00e6                  CLC4CONH = 0xe6
                    0x00e6                  _CLC4CONH = 0xe6
                    0x00e6                  _CLC4CONHbits = 0xe6
                    0x00e8                  CLC4SEL = 0xe8
                    0x00e8                  _CLC4SEL = 0xe8
                    0x00e8                  _CLC4SELbits = 0xe8
                    0x00e8                  CLC4SELL = 0xe8
                    0x00e8                  _CLC4SELL = 0xe8
                    0x00e8                  _CLC4SELLbits = 0xe8
                    0x00ec                  CLC4GLSL = 0xec
                    0x00ec                  _CLC4GLSL = 0xec
                    0x00ec                  _CLC4GLSLbits = 0xec
                    0x00ee                  CLC4GLSH = 0xee
                    0x00ee                  _CLC4GLSH = 0xee
                    0x00ee                  _CLC4GLSHbits = 0xee
                    0x00f0                  ECCCONL = 0xf0
                    0x00f0                  _ECCCONL = 0xf0
                    0x00f0                  _ECCCONLbits = 0xf0
                    0x00f2                  ECCCONH = 0xf2
                    0x00f2                  _ECCCONH = 0xf2
                    0x00f2                  _ECCCONHbits = 0xf2
                    0x00f4                  ECCADDRL = 0xf4
                    0x00f4                  _ECCADDRL = 0xf4
                    0x00f6                  ECCADDRH = 0xf6
                    0x00f6                  _ECCADDRH = 0xf6
                    0x00f8                  ECCSTATL = 0xf8
                    0x00f8                  _ECCSTATL = 0xf8
                    0x00f8                  _ECCSTATLbits = 0xf8
                    0x00fa                  ECCSTATH = 0xfa
                    0x00fa                  _ECCSTATH = 0xfa
                    0x00fa                  _ECCSTATHbits = 0xfa
                    0x0100                  T1CON = 0x100
                    0x0100                  _T1CON = 0x100
                    0x0100                  _T1CONbits = 0x100
                    0x0104                  TMR1 = 0x104
                    0x0104                  _TMR1 = 0x104
                    0x0108                  PR1 = 0x108
                    0x0108                  _PR1 = 0x108
                    0x0140                  QEI1CON = 0x140
                    0x0140                  _QEI1CON = 0x140
                    0x0140                  _QEI1CONbits = 0x140
                    0x0144                  QEI1IOC = 0x144
                    0x0144                  _QEI1IOC = 0x144
                    0x0144                  _QEI1IOCbits = 0x144
                    0x0146                  QEI1IOCH = 0x146
                    0x0146                  _QEI1IOCH = 0x146
                    0x0146                  _QEI1IOCHbits = 0x146
                    0x0148                  QEI1STAT = 0x148
                    0x0148                  _QEI1STAT = 0x148
                    0x0148                  _QEI1STATbits = 0x148
                    0x014c                  POS1CNTL = 0x14c
                    0x014c                  _POS1CNTL = 0x14c
                    0x014e                  POS1CNTH = 0x14e
                    0x014e                  _POS1CNTH = 0x14e
                    0x0152                  POS1HLD = 0x152
                    0x0152                  _POS1HLD = 0x152
                    0x0154                  VEL1CNT = 0x154
                    0x0154                  _VEL1CNT = 0x154
                    0x0156                  VEL1CNTH = 0x156
                    0x0156                  _VEL1CNTH = 0x156
                    0x015a                  VEL1HLD = 0x15a
                    0x015a                  _VEL1HLD = 0x15a
                    0x015c                  INT1TMRL = 0x15c
                    0x015c                  _INT1TMRL = 0x15c
                    0x015e                  INT1TMRH = 0x15e
                    0x015e                  _INT1TMRH = 0x15e
                    0x0160                  INT1HLDL = 0x160
                    0x0160                  _INT1HLDL = 0x160
                    0x0162                  INT1HLDH = 0x162
                    0x0162                  _INT1HLDH = 0x162
                    0x0164                  INDX1CNTL = 0x164
                    0x0164                  _INDX1CNTL = 0x164
                    0x0166                  INDX1CNTH = 0x166
                    0x0166                  _INDX1CNTH = 0x166
                    0x016a                  INDX1HLD = 0x16a
                    0x016a                  _INDX1HLD = 0x16a
                    0x016c                  QEI1GECL = 0x16c
                    0x016c                  _QEI1GECL = 0x16c
                    0x016c                  QEI1ICL = 0x16c
                    0x016c                  _QEI1ICL = 0x16c
                    0x016e                  QEI1GECH = 0x16e
                    0x016e                  _QEI1GECH = 0x16e
                    0x016e                  QEI1ICH = 0x16e
                    0x016e                  _QEI1ICH = 0x16e
                    0x0170                  QEI1LECL = 0x170
                    0x0170                  _QEI1LECL = 0x170
                    0x0172                  QEI1LECH = 0x172
                    0x0172                  _QEI1LECH = 0x172
                    0x0200                  I2C1CON1 = 0x200
                    0x0200                  _I2C1CON1 = 0x200
                    0x0200                  _I2C1CON1bits = 0x200
                    0x0200                  I2C1CONL = 0x200
                    0x0200                  _I2C1CONL = 0x200
                    0x0200                  _I2C1CONLbits = 0x200
                    0x0202                  I2C1CON2 = 0x202
                    0x0202                  _I2C1CON2 = 0x202
                    0x0202                  _I2C1CON2bits = 0x202
                    0x0202                  I2C1CONH = 0x202
                    0x0202                  _I2C1CONH = 0x202
                    0x0202                  _I2C1CONHbits = 0x202
                    0x0204                  I2C1STAT = 0x204
                    0x0204                  _I2C1STAT = 0x204
                    0x0204                  _I2C1STATbits = 0x204
                    0x0208                  I2C1ADD = 0x208
                    0x0208                  _I2C1ADD = 0x208
                    0x0208                  _I2C1ADDbits = 0x208
                    0x020c                  I2C1MSK = 0x20c
                    0x020c                  _I2C1MSK = 0x20c
                    0x020c                  _I2C1MSKbits = 0x20c
                    0x0210                  I2C1BRG = 0x210
                    0x0210                  _I2C1BRG = 0x210
                    0x0214                  I2C1TRN = 0x214
                    0x0214                  _I2C1TRN = 0x214
                    0x0214                  _I2C1TRNbits = 0x214
                    0x0218                  I2C1RCV = 0x218
                    0x0218                  _I2C1RCV = 0x218
                    0x0218                  _I2C1RCVbits = 0x218
                    0x0238                  U1MODE = 0x238
                    0x0238                  _U1MODE = 0x238
                    0x0238                  _U1MODEbits = 0x238
                    0x023a                  U1MODEH = 0x23a
                    0x023a                  _U1MODEH = 0x23a
                    0x023a                  _U1MODEHbits = 0x23a
                    0x023c                  U1STA = 0x23c
                    0x023c                  _U1STA = 0x23c
                    0x023c                  _U1STAbits = 0x23c
                    0x023e                  U1STAH = 0x23e
                    0x023e                  _U1STAH = 0x23e
                    0x023e                  _U1STAHbits = 0x23e
                    0x0240                  U1BRG = 0x240
                    0x0240                  _U1BRG = 0x240
                    0x0240                  _U1BRGbits = 0x240
                    0x0242                  U1BRGH = 0x242
                    0x0242                  _U1BRGH = 0x242
                    0x0242                  _U1BRGHbits = 0x242
                    0x0244                  U1RXREG = 0x244
                    0x0244                  _U1RXREG = 0x244
                    0x0244                  _U1RXREGbits = 0x244
                    0x0248                  U1TXREG = 0x248
                    0x0248                  _U1TXREG = 0x248
                    0x0248                  _U1TXREGbits = 0x248
                    0x024c                  U1P1 = 0x24c
                    0x024c                  _U1P1 = 0x24c
                    0x024c                  _U1P1bits = 0x24c
                    0x024e                  U1P2 = 0x24e
                    0x024e                  _U1P2 = 0x24e
                    0x024e                  _U1P2bits = 0x24e
                    0x0250                  U1P3 = 0x250
                    0x0250                  _U1P3 = 0x250
                    0x0250                  _U1P3bits = 0x250
                    0x0252                  U1P3H = 0x252
                    0x0252                  _U1P3H = 0x252
                    0x0252                  _U1P3Hbits = 0x252
                    0x0254                  U1TXCHK = 0x254
                    0x0254                  _U1TXCHK = 0x254
                    0x0254                  _U1TXCHKbits = 0x254
                    0x0256                  U1RXCHK = 0x256
                    0x0256                  _U1RXCHK = 0x256
                    0x0256                  _U1RXCHKbits = 0x256
                    0x0258                  U1SCCON = 0x258
                    0x0258                  _U1SCCON = 0x258
                    0x0258                  _U1SCCONbits = 0x258
                    0x025a                  U1SCINT = 0x25a
                    0x025a                  _U1SCINT = 0x25a
                    0x025a                  _U1SCINTbits = 0x25a
                    0x025c                  U1INT = 0x25c
                    0x025c                  _U1INT = 0x25c
                    0x025c                  _U1INTbits = 0x25c
                    0x0260                  U2MODE = 0x260
                    0x0260                  _U2MODE = 0x260
                    0x0260                  _U2MODEbits = 0x260
                    0x0262                  U2MODEH = 0x262
                    0x0262                  _U2MODEH = 0x262
                    0x0262                  _U2MODEHbits = 0x262
                    0x0264                  U2STA = 0x264
                    0x0264                  _U2STA = 0x264
                    0x0264                  _U2STAbits = 0x264
                    0x0266                  U2STAH = 0x266
                    0x0266                  _U2STAH = 0x266
                    0x0266                  _U2STAHbits = 0x266
                    0x0268                  U2BRG = 0x268
                    0x0268                  _U2BRG = 0x268
                    0x0268                  _U2BRGbits = 0x268
                    0x026a                  U2BRGH = 0x26a
                    0x026a                  _U2BRGH = 0x26a
                    0x026a                  _U2BRGHbits = 0x26a
                    0x026c                  U2RXREG = 0x26c
                    0x026c                  _U2RXREG = 0x26c
                    0x026c                  _U2RXREGbits = 0x26c
                    0x0270                  U2TXREG = 0x270
                    0x0270                  _U2TXREG = 0x270
                    0x0270                  _U2TXREGbits = 0x270
                    0x0274                  U2P1 = 0x274
                    0x0274                  _U2P1 = 0x274
                    0x0274                  _U2P1bits = 0x274
                    0x0276                  U2P2 = 0x276
                    0x0276                  _U2P2 = 0x276
                    0x0276                  _U2P2bits = 0x276
                    0x0278                  U2P3 = 0x278
                    0x0278                  _U2P3 = 0x278
                    0x0278                  _U2P3bits = 0x278
                    0x027a                  U2P3H = 0x27a
                    0x027a                  _U2P3H = 0x27a
                    0x027a                  _U2P3Hbits = 0x27a
                    0x027c                  U2TXCHK = 0x27c
                    0x027c                  _U2TXCHK = 0x27c
                    0x027c                  _U2TXCHKbits = 0x27c
                    0x027e                  U2RXCHK = 0x27e
                    0x027e                  _U2RXCHK = 0x27e
                    0x027e                  _U2RXCHKbits = 0x27e
                    0x0280                  U2SCCON = 0x280
                    0x0280                  _U2SCCON = 0x280
                    0x0280                  _U2SCCONbits = 0x280
                    0x0282                  U2SCINT = 0x282
                    0x0282                  _U2SCINT = 0x282
                    0x0282                  _U2SCINTbits = 0x282
                    0x0284                  U2INT = 0x284
                    0x0284                  _U2INT = 0x284
                    0x0284                  _U2INTbits = 0x284
                    0x02ac                  SPI1CON1 = 0x2ac
                    0x02ac                  _SPI1CON1 = 0x2ac
                    0x02ac                  _SPI1CON1bits = 0x2ac
                    0x02ac                  SPI1CON1L = 0x2ac
                    0x02ac                  _SPI1CON1L = 0x2ac
                    0x02ac                  _SPI1CON1Lbits = 0x2ac
                    0x02ae                  SPI1CON1H = 0x2ae
                    0x02ae                  _SPI1CON1H = 0x2ae
                    0x02ae                  _SPI1CON1Hbits = 0x2ae
                    0x02ae                  SPI1CON2 = 0x2ae
                    0x02ae                  _SPI1CON2 = 0x2ae
                    0x02ae                  _SPI1CON2bits = 0x2ae
                    0x02b0                  SPI1CON2L = 0x2b0
                    0x02b0                  _SPI1CON2L = 0x2b0
                    0x02b0                  _SPI1CON2Lbits = 0x2b0
                    0x02b0                  SPI1CON3 = 0x2b0
                    0x02b0                  _SPI1CON3 = 0x2b0
                    0x02b0                  _SPI1CON3bits = 0x2b0
                    0x02b4                  SPI1STATL = 0x2b4
                    0x02b4                  _SPI1STATL = 0x2b4
                    0x02b4                  _SPI1STATLbits = 0x2b4
                    0x02b6                  SPI1STATH = 0x2b6
                    0x02b6                  _SPI1STATH = 0x2b6
                    0x02b6                  _SPI1STATHbits = 0x2b6
                    0x02b8                  SPI1BUFL = 0x2b8
                    0x02b8                  _SPI1BUFL = 0x2b8
                    0x02b8                  _SPI1BUFLbits = 0x2b8
                    0x02ba                  SPI1BUFH = 0x2ba
                    0x02ba                  _SPI1BUFH = 0x2ba
                    0x02ba                  _SPI1BUFHbits = 0x2ba
                    0x02bc                  SPI1BRGL = 0x2bc
                    0x02bc                  _SPI1BRGL = 0x2bc
                    0x02bc                  _SPI1BRGLbits = 0x2bc
                    0x02c0                  SPI1IMSK1 = 0x2c0
                    0x02c0                  _SPI1IMSK1 = 0x2c0
                    0x02c0                  _SPI1IMSK1bits = 0x2c0
                    0x02c0                  SPI1IMSKL = 0x2c0
                    0x02c0                  _SPI1IMSKL = 0x2c0
                    0x02c0                  _SPI1IMSKLbits = 0x2c0
                    0x02c2                  SPI1IMSK2 = 0x2c2
                    0x02c2                  _SPI1IMSK2 = 0x2c2
                    0x02c2                  _SPI1IMSK2bits = 0x2c2
                    0x02c2                  SPI1IMSKH = 0x2c2
                    0x02c2                  _SPI1IMSKH = 0x2c2
                    0x02c2                  _SPI1IMSKHbits = 0x2c2
                    0x02c4                  SPI1URDTL = 0x2c4
                    0x02c4                  _SPI1URDTL = 0x2c4
                    0x02c4                  _SPI1URDTLbits = 0x2c4
                    0x02c6                  SPI1URDTH = 0x2c6
                    0x02c6                  _SPI1URDTH = 0x2c6
                    0x02c6                  _SPI1URDTHbits = 0x2c6
                    0x02c8                  SPI2CON1 = 0x2c8
                    0x02c8                  _SPI2CON1 = 0x2c8
                    0x02c8                  _SPI2CON1bits = 0x2c8
                    0x02c8                  SPI2CON1L = 0x2c8
                    0x02c8                  _SPI2CON1L = 0x2c8
                    0x02c8                  _SPI2CON1Lbits = 0x2c8
                    0x02ca                  SPI2CON1H = 0x2ca
                    0x02ca                  _SPI2CON1H = 0x2ca
                    0x02ca                  _SPI2CON1Hbits = 0x2ca
                    0x02ca                  SPI2CON2 = 0x2ca
                    0x02ca                  _SPI2CON2 = 0x2ca
                    0x02ca                  _SPI2CON2bits = 0x2ca
                    0x02cc                  SPI2CON2L = 0x2cc
                    0x02cc                  _SPI2CON2L = 0x2cc
                    0x02cc                  _SPI2CON2Lbits = 0x2cc
                    0x02cc                  SPI2CON3 = 0x2cc
                    0x02cc                  _SPI2CON3 = 0x2cc
                    0x02cc                  _SPI2CON3bits = 0x2cc
                    0x02d0                  SPI2STATL = 0x2d0
                    0x02d0                  _SPI2STATL = 0x2d0
                    0x02d0                  _SPI2STATLbits = 0x2d0
                    0x02d2                  SPI2STATH = 0x2d2
                    0x02d2                  _SPI2STATH = 0x2d2
                    0x02d2                  _SPI2STATHbits = 0x2d2
                    0x02d4                  SPI2BUFL = 0x2d4
                    0x02d4                  _SPI2BUFL = 0x2d4
                    0x02d4                  _SPI2BUFLbits = 0x2d4
                    0x02d6                  SPI2BUFH = 0x2d6
                    0x02d6                  _SPI2BUFH = 0x2d6
                    0x02d6                  _SPI2BUFHbits = 0x2d6
                    0x02d8                  SPI2BRGL = 0x2d8
                    0x02d8                  _SPI2BRGL = 0x2d8
                    0x02d8                  _SPI2BRGLbits = 0x2d8
                    0x02dc                  SPI2IMSK1 = 0x2dc
                    0x02dc                  _SPI2IMSK1 = 0x2dc
                    0x02dc                  _SPI2IMSK1bits = 0x2dc
                    0x02dc                  SPI2IMSKL = 0x2dc
                    0x02dc                  _SPI2IMSKL = 0x2dc
                    0x02dc                  _SPI2IMSKLbits = 0x2dc
                    0x02de                  SPI2IMSK2 = 0x2de
                    0x02de                  _SPI2IMSK2 = 0x2de
                    0x02de                  _SPI2IMSK2bits = 0x2de
                    0x02de                  SPI2IMSKH = 0x2de
                    0x02de                  _SPI2IMSKH = 0x2de
                    0x02de                  _SPI2IMSKHbits = 0x2de
                    0x02e0                  SPI2URDTL = 0x2e0
                    0x02e0                  _SPI2URDTL = 0x2e0
                    0x02e0                  _SPI2URDTLbits = 0x2e0
                    0x02e2                  SPI2URDTH = 0x2e2
                    0x02e2                  _SPI2URDTH = 0x2e2
                    0x02e2                  _SPI2URDTHbits = 0x2e2
                    0x0300                  PCLKCON = 0x300
                    0x0300                  _PCLKCON = 0x300
                    0x0300                  _PCLKCONbits = 0x300
                    0x0302                  FSCL = 0x302
                    0x0302                  _FSCL = 0x302
                    0x0304                  FSMINPER = 0x304
                    0x0304                  _FSMINPER = 0x304
                    0x0306                  MPHASE = 0x306
                    0x0306                  _MPHASE = 0x306
                    0x0308                  MDC = 0x308
                    0x0308                  _MDC = 0x308
                    0x030a                  MPER = 0x30a
                    0x030a                  _MPER = 0x30a
                    0x030c                  LFSR = 0x30c
                    0x030c                  _LFSR = 0x30c
                    0x030c                  _LFSRbits = 0x30c
                    0x030e                  CMBTRIGL = 0x30e
                    0x030e                  _CMBTRIGL = 0x30e
                    0x030e                  _CMBTRIGLbits = 0x30e
                    0x0310                  CMBTRIGH = 0x310
                    0x0310                  _CMBTRIGH = 0x310
                    0x0310                  _CMBTRIGHbits = 0x310
                    0x0312                  LOGCONA = 0x312
                    0x0312                  _LOGCONA = 0x312
                    0x0312                  _LOGCONAbits = 0x312
                    0x0314                  LOGCONB = 0x314
                    0x0314                  _LOGCONB = 0x314
                    0x0314                  _LOGCONBbits = 0x314
                    0x0316                  LOGCONC = 0x316
                    0x0316                  _LOGCONC = 0x316
                    0x0316                  _LOGCONCbits = 0x316
                    0x0318                  LOGCOND = 0x318
                    0x0318                  _LOGCOND = 0x318
                    0x0318                  _LOGCONDbits = 0x318
                    0x031a                  LOGCONE = 0x31a
                    0x031a                  _LOGCONE = 0x31a
                    0x031a                  _LOGCONEbits = 0x31a
                    0x031c                  LOGCONF = 0x31c
                    0x031c                  _LOGCONF = 0x31c
                    0x031c                  _LOGCONFbits = 0x31c
                    0x031e                  PWMEVTA = 0x31e
                    0x031e                  _PWMEVTA = 0x31e
                    0x031e                  _PWMEVTAbits = 0x31e
                    0x0320                  PWMEVTB = 0x320
                    0x0320                  _PWMEVTB = 0x320
                    0x0320                  _PWMEVTBbits = 0x320
                    0x0322                  PWMEVTC = 0x322
                    0x0322                  _PWMEVTC = 0x322
                    0x0322                  _PWMEVTCbits = 0x322
                    0x0324                  PWMEVTD = 0x324
                    0x0324                  _PWMEVTD = 0x324
                    0x0324                  _PWMEVTDbits = 0x324
                    0x0326                  PWMEVTE = 0x326
                    0x0326                  _PWMEVTE = 0x326
                    0x0326                  _PWMEVTEbits = 0x326
                    0x0328                  PWMEVTF = 0x328
                    0x0328                  _PWMEVTF = 0x328
                    0x0328                  _PWMEVTFbits = 0x328
                    0x032a                  PG1CONL = 0x32a
                    0x032a                  _PG1CONL = 0x32a
                    0x032a                  _PG1CONLbits = 0x32a
                    0x032c                  PG1CONH = 0x32c
                    0x032c                  _PG1CONH = 0x32c
                    0x032c                  _PG1CONHbits = 0x32c
                    0x032e                  PG1STAT = 0x32e
                    0x032e                  _PG1STAT = 0x32e
                    0x032e                  _PG1STATbits = 0x32e
                    0x0330                  PG1IOCONL = 0x330
                    0x0330                  _PG1IOCONL = 0x330
                    0x0330                  _PG1IOCONLbits = 0x330
                    0x0332                  PG1IOCONH = 0x332
                    0x0332                  _PG1IOCONH = 0x332
                    0x0332                  _PG1IOCONHbits = 0x332
                    0x0334                  PG1EVTL = 0x334
                    0x0334                  _PG1EVTL = 0x334
                    0x0334                  _PG1EVTLbits = 0x334
                    0x0336                  PG1EVTH = 0x336
                    0x0336                  _PG1EVTH = 0x336
                    0x0336                  _PG1EVTHbits = 0x336
                    0x0338                  PG1FPCIL = 0x338
                    0x0338                  _PG1FPCIL = 0x338
                    0x0338                  _PG1FPCILbits = 0x338
                    0x033a                  PG1FPCIH = 0x33a
                    0x033a                  _PG1FPCIH = 0x33a
                    0x033a                  _PG1FPCIHbits = 0x33a
                    0x033c                  PG1CLPCIL = 0x33c
                    0x033c                  _PG1CLPCIL = 0x33c
                    0x033c                  _PG1CLPCILbits = 0x33c
                    0x033e                  PG1CLPCIH = 0x33e
                    0x033e                  _PG1CLPCIH = 0x33e
                    0x033e                  _PG1CLPCIHbits = 0x33e
                    0x0340                  PG1FFPCIL = 0x340
                    0x0340                  _PG1FFPCIL = 0x340
                    0x0340                  _PG1FFPCILbits = 0x340
                    0x0342                  PG1FFPCIH = 0x342
                    0x0342                  _PG1FFPCIH = 0x342
                    0x0342                  _PG1FFPCIHbits = 0x342
                    0x0344                  PG1SPCIL = 0x344
                    0x0344                  _PG1SPCIL = 0x344
                    0x0344                  _PG1SPCILbits = 0x344
                    0x0346                  PG1SPCIH = 0x346
                    0x0346                  _PG1SPCIH = 0x346
                    0x0346                  _PG1SPCIHbits = 0x346
                    0x0348                  PG1LEBL = 0x348
                    0x0348                  _PG1LEBL = 0x348
                    0x034a                  PG1LEBH = 0x34a
                    0x034a                  _PG1LEBH = 0x34a
                    0x034a                  _PG1LEBHbits = 0x34a
                    0x034c                  PG1PHASE = 0x34c
                    0x034c                  _PG1PHASE = 0x34c
                    0x034e                  PG1DC = 0x34e
                    0x034e                  _PG1DC = 0x34e
                    0x0350                  PG1DCA = 0x350
                    0x0350                  _PG1DCA = 0x350
                    0x0350                  _PG1DCAbits = 0x350
                    0x0352                  PG1PER = 0x352
                    0x0352                  _PG1PER = 0x352
                    0x0354                  PG1TRIGA = 0x354
                    0x0354                  _PG1TRIGA = 0x354
                    0x0356                  PG1TRIGB = 0x356
                    0x0356                  _PG1TRIGB = 0x356
                    0x0358                  PG1TRIGC = 0x358
                    0x0358                  _PG1TRIGC = 0x358
                    0x035a                  PG1DTL = 0x35a
                    0x035a                  _PG1DTL = 0x35a
                    0x035a                  _PG1DTLbits = 0x35a
                    0x035c                  PG1DTH = 0x35c
                    0x035c                  _PG1DTH = 0x35c
                    0x035c                  _PG1DTHbits = 0x35c
                    0x035e                  PG1CAP = 0x35e
                    0x035e                  _PG1CAP = 0x35e
                    0x0360                  PG2CONL = 0x360
                    0x0360                  _PG2CONL = 0x360
                    0x0360                  _PG2CONLbits = 0x360
                    0x0362                  PG2CONH = 0x362
                    0x0362                  _PG2CONH = 0x362
                    0x0362                  _PG2CONHbits = 0x362
                    0x0364                  PG2STAT = 0x364
                    0x0364                  _PG2STAT = 0x364
                    0x0364                  _PG2STATbits = 0x364
                    0x0366                  PG2IOCONL = 0x366
                    0x0366                  _PG2IOCONL = 0x366
                    0x0366                  _PG2IOCONLbits = 0x366
                    0x0368                  PG2IOCONH = 0x368
                    0x0368                  _PG2IOCONH = 0x368
                    0x0368                  _PG2IOCONHbits = 0x368
                    0x036a                  PG2EVTL = 0x36a
                    0x036a                  _PG2EVTL = 0x36a
                    0x036a                  _PG2EVTLbits = 0x36a
                    0x036c                  PG2EVTH = 0x36c
                    0x036c                  _PG2EVTH = 0x36c
                    0x036c                  _PG2EVTHbits = 0x36c
                    0x036e                  PG2FPCIL = 0x36e
                    0x036e                  _PG2FPCIL = 0x36e
                    0x036e                  _PG2FPCILbits = 0x36e
                    0x0370                  PG2FPCIH = 0x370
                    0x0370                  _PG2FPCIH = 0x370
                    0x0370                  _PG2FPCIHbits = 0x370
                    0x0372                  PG2CLPCIL = 0x372
                    0x0372                  _PG2CLPCIL = 0x372
                    0x0372                  _PG2CLPCILbits = 0x372
                    0x0374                  PG2CLPCIH = 0x374
                    0x0374                  _PG2CLPCIH = 0x374
                    0x0374                  _PG2CLPCIHbits = 0x374
                    0x0376                  PG2FFPCIL = 0x376
                    0x0376                  _PG2FFPCIL = 0x376
                    0x0376                  _PG2FFPCILbits = 0x376
                    0x0378                  PG2FFPCIH = 0x378
                    0x0378                  _PG2FFPCIH = 0x378
                    0x0378                  _PG2FFPCIHbits = 0x378
                    0x037a                  PG2SPCIL = 0x37a
                    0x037a                  _PG2SPCIL = 0x37a
                    0x037a                  _PG2SPCILbits = 0x37a
                    0x037c                  PG2SPCIH = 0x37c
                    0x037c                  _PG2SPCIH = 0x37c
                    0x037c                  _PG2SPCIHbits = 0x37c
                    0x037e                  PG2LEBL = 0x37e
                    0x037e                  _PG2LEBL = 0x37e
                    0x0380                  PG2LEBH = 0x380
                    0x0380                  _PG2LEBH = 0x380
                    0x0380                  _PG2LEBHbits = 0x380
                    0x0382                  PG2PHASE = 0x382
                    0x0382                  _PG2PHASE = 0x382
                    0x0384                  PG2DC = 0x384
                    0x0384                  _PG2DC = 0x384
                    0x0386                  PG2DCA = 0x386
                    0x0386                  _PG2DCA = 0x386
                    0x0386                  _PG2DCAbits = 0x386
                    0x0388                  PG2PER = 0x388
                    0x0388                  _PG2PER = 0x388
                    0x038a                  PG2TRIGA = 0x38a
                    0x038a                  _PG2TRIGA = 0x38a
                    0x038c                  PG2TRIGB = 0x38c
                    0x038c                  _PG2TRIGB = 0x38c
                    0x038e                  PG2TRIGC = 0x38e
                    0x038e                  _PG2TRIGC = 0x38e
                    0x0390                  PG2DTL = 0x390
                    0x0390                  _PG2DTL = 0x390
                    0x0390                  _PG2DTLbits = 0x390
                    0x0392                  PG2DTH = 0x392
                    0x0392                  _PG2DTH = 0x392
                    0x0392                  _PG2DTHbits = 0x392
                    0x0394                  PG2CAP = 0x394
                    0x0394                  _PG2CAP = 0x394
                    0x0396                  PG3CONL = 0x396
                    0x0396                  _PG3CONL = 0x396
                    0x0396                  _PG3CONLbits = 0x396
                    0x0398                  PG3CONH = 0x398
                    0x0398                  _PG3CONH = 0x398
                    0x0398                  _PG3CONHbits = 0x398
                    0x039a                  PG3STAT = 0x39a
                    0x039a                  _PG3STAT = 0x39a
                    0x039a                  _PG3STATbits = 0x39a
                    0x039c                  PG3IOCONL = 0x39c
                    0x039c                  _PG3IOCONL = 0x39c
                    0x039c                  _PG3IOCONLbits = 0x39c
                    0x039e                  PG3IOCONH = 0x39e
                    0x039e                  _PG3IOCONH = 0x39e
                    0x039e                  _PG3IOCONHbits = 0x39e
                    0x03a0                  PG3EVTL = 0x3a0
                    0x03a0                  _PG3EVTL = 0x3a0
                    0x03a0                  _PG3EVTLbits = 0x3a0
                    0x03a2                  PG3EVTH = 0x3a2
                    0x03a2                  _PG3EVTH = 0x3a2
                    0x03a2                  _PG3EVTHbits = 0x3a2
                    0x03a4                  PG3FPCIL = 0x3a4
                    0x03a4                  _PG3FPCIL = 0x3a4
                    0x03a4                  _PG3FPCILbits = 0x3a4
                    0x03a6                  PG3FPCIH = 0x3a6
                    0x03a6                  _PG3FPCIH = 0x3a6
                    0x03a6                  _PG3FPCIHbits = 0x3a6
                    0x03a8                  PG3CLPCIL = 0x3a8
                    0x03a8                  _PG3CLPCIL = 0x3a8
                    0x03a8                  _PG3CLPCILbits = 0x3a8
                    0x03aa                  PG3CLPCIH = 0x3aa
                    0x03aa                  _PG3CLPCIH = 0x3aa
                    0x03aa                  _PG3CLPCIHbits = 0x3aa
                    0x03ac                  PG3FFPCIL = 0x3ac
                    0x03ac                  _PG3FFPCIL = 0x3ac
                    0x03ac                  _PG3FFPCILbits = 0x3ac
                    0x03ae                  PG3FFPCIH = 0x3ae
                    0x03ae                  _PG3FFPCIH = 0x3ae
                    0x03ae                  _PG3FFPCIHbits = 0x3ae
                    0x03b0                  PG3SPCIL = 0x3b0
                    0x03b0                  _PG3SPCIL = 0x3b0
                    0x03b0                  _PG3SPCILbits = 0x3b0
                    0x03b2                  PG3SPCIH = 0x3b2
                    0x03b2                  _PG3SPCIH = 0x3b2
                    0x03b2                  _PG3SPCIHbits = 0x3b2
                    0x03b4                  PG3LEBL = 0x3b4
                    0x03b4                  _PG3LEBL = 0x3b4
                    0x03b6                  PG3LEBH = 0x3b6
                    0x03b6                  _PG3LEBH = 0x3b6
                    0x03b6                  _PG3LEBHbits = 0x3b6
                    0x03b8                  PG3PHASE = 0x3b8
                    0x03b8                  _PG3PHASE = 0x3b8
                    0x03ba                  PG3DC = 0x3ba
                    0x03ba                  _PG3DC = 0x3ba
                    0x03bc                  PG3DCA = 0x3bc
                    0x03bc                  _PG3DCA = 0x3bc
                    0x03bc                  _PG3DCAbits = 0x3bc
                    0x03be                  PG3PER = 0x3be
                    0x03be                  _PG3PER = 0x3be
                    0x03c0                  PG3TRIGA = 0x3c0
                    0x03c0                  _PG3TRIGA = 0x3c0
                    0x03c2                  PG3TRIGB = 0x3c2
                    0x03c2                  _PG3TRIGB = 0x3c2
                    0x03c4                  PG3TRIGC = 0x3c4
                    0x03c4                  _PG3TRIGC = 0x3c4
                    0x03c6                  PG3DTL = 0x3c6
                    0x03c6                  _PG3DTL = 0x3c6
                    0x03c6                  _PG3DTLbits = 0x3c6
                    0x03c8                  PG3DTH = 0x3c8
                    0x03c8                  _PG3DTH = 0x3c8
                    0x03c8                  _PG3DTHbits = 0x3c8
                    0x03ca                  PG3CAP = 0x3ca
                    0x03ca                  _PG3CAP = 0x3ca
                    0x03cc                  PG4CONL = 0x3cc
                    0x03cc                  _PG4CONL = 0x3cc
                    0x03cc                  _PG4CONLbits = 0x3cc
                    0x03ce                  PG4CONH = 0x3ce
                    0x03ce                  _PG4CONH = 0x3ce
                    0x03ce                  _PG4CONHbits = 0x3ce
                    0x03d0                  PG4STAT = 0x3d0
                    0x03d0                  _PG4STAT = 0x3d0
                    0x03d0                  _PG4STATbits = 0x3d0
                    0x03d2                  PG4IOCONL = 0x3d2
                    0x03d2                  _PG4IOCONL = 0x3d2
                    0x03d2                  _PG4IOCONLbits = 0x3d2
                    0x03d4                  PG4IOCONH = 0x3d4
                    0x03d4                  _PG4IOCONH = 0x3d4
                    0x03d4                  _PG4IOCONHbits = 0x3d4
                    0x03d6                  PG4EVTL = 0x3d6
                    0x03d6                  _PG4EVTL = 0x3d6
                    0x03d6                  _PG4EVTLbits = 0x3d6
                    0x03d8                  PG4EVTH = 0x3d8
                    0x03d8                  _PG4EVTH = 0x3d8
                    0x03d8                  _PG4EVTHbits = 0x3d8
                    0x03da                  PG4FPCIL = 0x3da
                    0x03da                  _PG4FPCIL = 0x3da
                    0x03da                  _PG4FPCILbits = 0x3da
                    0x03dc                  PG4FPCIH = 0x3dc
                    0x03dc                  _PG4FPCIH = 0x3dc
                    0x03dc                  _PG4FPCIHbits = 0x3dc
                    0x03de                  PG4CLPCIL = 0x3de
                    0x03de                  _PG4CLPCIL = 0x3de
                    0x03de                  _PG4CLPCILbits = 0x3de
                    0x03e0                  PG4CLPCIH = 0x3e0
                    0x03e0                  _PG4CLPCIH = 0x3e0
                    0x03e0                  _PG4CLPCIHbits = 0x3e0
                    0x03e2                  PG4FFPCIL = 0x3e2
                    0x03e2                  _PG4FFPCIL = 0x3e2
                    0x03e2                  _PG4FFPCILbits = 0x3e2
                    0x03e4                  PG4FFPCIH = 0x3e4
                    0x03e4                  _PG4FFPCIH = 0x3e4
                    0x03e4                  _PG4FFPCIHbits = 0x3e4
                    0x03e6                  PG4SPCIL = 0x3e6
                    0x03e6                  _PG4SPCIL = 0x3e6
                    0x03e6                  _PG4SPCILbits = 0x3e6
                    0x03e8                  PG4SPCIH = 0x3e8
                    0x03e8                  _PG4SPCIH = 0x3e8
                    0x03e8                  _PG4SPCIHbits = 0x3e8
                    0x03ea                  PG4LEBL = 0x3ea
                    0x03ea                  _PG4LEBL = 0x3ea
                    0x03ec                  PG4LEBH = 0x3ec
                    0x03ec                  _PG4LEBH = 0x3ec
                    0x03ec                  _PG4LEBHbits = 0x3ec
                    0x03ee                  PG4PHASE = 0x3ee
                    0x03ee                  _PG4PHASE = 0x3ee
                    0x03f0                  PG4DC = 0x3f0
                    0x03f0                  _PG4DC = 0x3f0
                    0x03f2                  PG4DCA = 0x3f2
                    0x03f2                  _PG4DCA = 0x3f2
                    0x03f2                  _PG4DCAbits = 0x3f2
                    0x03f4                  PG4PER = 0x3f4
                    0x03f4                  _PG4PER = 0x3f4
                    0x03f6                  PG4TRIGA = 0x3f6
                    0x03f6                  _PG4TRIGA = 0x3f6
                    0x03f8                  PG4TRIGB = 0x3f8
                    0x03f8                  _PG4TRIGB = 0x3f8
                    0x03fa                  PG4TRIGC = 0x3fa
                    0x03fa                  _PG4TRIGC = 0x3fa
                    0x03fc                  PG4DTL = 0x3fc
                    0x03fc                  _PG4DTL = 0x3fc
                    0x03fc                  _PG4DTLbits = 0x3fc
                    0x03fe                  PG4DTH = 0x3fe
                    0x03fe                  _PG4DTH = 0x3fe
                    0x03fe                  _PG4DTHbits = 0x3fe
                    0x0400                  PG4CAP = 0x400
                    0x0400                  _PG4CAP = 0x400
                    0x0800                  IFS0 = 0x800
                    0x0800                  _IFS0 = 0x800
                    0x0800                  _IFS0bits = 0x800
                    0x0802                  IFS1 = 0x802
                    0x0802                  _IFS1 = 0x802
                    0x0802                  _IFS1bits = 0x802
                    0x0804                  IFS2 = 0x804
                    0x0804                  _IFS2 = 0x804
                    0x0804                  _IFS2bits = 0x804
                    0x0806                  IFS3 = 0x806
                    0x0806                  _IFS3 = 0x806
                    0x0806                  _IFS3bits = 0x806
                    0x0808                  IFS4 = 0x808
                    0x0808                  _IFS4 = 0x808
                    0x0808                  _IFS4bits = 0x808
                    0x080a                  IFS5 = 0x80a
                    0x080a                  _IFS5 = 0x80a
                    0x080a                  _IFS5bits = 0x80a
                    0x080c                  IFS6 = 0x80c
                    0x080c                  _IFS6 = 0x80c
                    0x080c                  _IFS6bits = 0x80c
                    0x080e                  IFS7 = 0x80e
                    0x080e                  _IFS7 = 0x80e
                    0x080e                  _IFS7bits = 0x80e
                    0x0814                  IFS10 = 0x814
                    0x0814                  _IFS10 = 0x814
                    0x0814                  _IFS10bits = 0x814
                    0x0816                  IFS11 = 0x816
                    0x0816                  _IFS11 = 0x816
                    0x0816                  _IFS11bits = 0x816
                    0x0820                  IEC0 = 0x820
                    0x0820                  _IEC0 = 0x820
                    0x0820                  _IEC0bits = 0x820
                    0x0822                  IEC1 = 0x822
                    0x0822                  _IEC1 = 0x822
                    0x0822                  _IEC1bits = 0x822
                    0x0824                  IEC2 = 0x824
                    0x0824                  _IEC2 = 0x824
                    0x0824                  _IEC2bits = 0x824
                    0x0826                  IEC3 = 0x826
                    0x0826                  _IEC3 = 0x826
                    0x0826                  _IEC3bits = 0x826
                    0x0828                  IEC4 = 0x828
                    0x0828                  _IEC4 = 0x828
                    0x0828                  _IEC4bits = 0x828
                    0x082a                  IEC5 = 0x82a
                    0x082a                  _IEC5 = 0x82a
                    0x082a                  _IEC5bits = 0x82a
                    0x082c                  IEC6 = 0x82c
                    0x082c                  _IEC6 = 0x82c
                    0x082c                  _IEC6bits = 0x82c
                    0x082e                  IEC7 = 0x82e
                    0x082e                  _IEC7 = 0x82e
                    0x082e                  _IEC7bits = 0x82e
                    0x0834                  IEC10 = 0x834
                    0x0834                  _IEC10 = 0x834
                    0x0834                  _IEC10bits = 0x834
                    0x0836                  IEC11 = 0x836
                    0x0836                  _IEC11 = 0x836